Archive member included to satisfy reference by file (symbol)

c:/ac6/systemworkbench/plugins/fr.ac6.mcu.externaltools.arm-none.win32_1.16.0.201807130628/tools/compiler/bin/../lib/gcc/arm-none-eabi/7.2.1/../../../../arm-none-eabi/lib/thumb/v7e-m/fpv4-sp/hard\libc_nano.a(lib_a-exit.o)
                              c:/ac6/systemworkbench/plugins/fr.ac6.mcu.externaltools.arm-none.win32_1.16.0.201807130628/tools/compiler/bin/../lib/gcc/arm-none-eabi/7.2.1/../../../../arm-none-eabi/lib/thumb/v7e-m/fpv4-sp/hard/crt0.o (exit)
c:/ac6/systemworkbench/plugins/fr.ac6.mcu.externaltools.arm-none.win32_1.16.0.201807130628/tools/compiler/bin/../lib/gcc/arm-none-eabi/7.2.1/../../../../arm-none-eabi/lib/thumb/v7e-m/fpv4-sp/hard\libc_nano.a(lib_a-impure.o)
                              c:/ac6/systemworkbench/plugins/fr.ac6.mcu.externaltools.arm-none.win32_1.16.0.201807130628/tools/compiler/bin/../lib/gcc/arm-none-eabi/7.2.1/../../../../arm-none-eabi/lib/thumb/v7e-m/fpv4-sp/hard\libc_nano.a(lib_a-exit.o) (_global_impure_ptr)
c:/ac6/systemworkbench/plugins/fr.ac6.mcu.externaltools.arm-none.win32_1.16.0.201807130628/tools/compiler/bin/../lib/gcc/arm-none-eabi/7.2.1/../../../../arm-none-eabi/lib/thumb/v7e-m/fpv4-sp/hard\libc_nano.a(lib_a-init.o)
                              c:/ac6/systemworkbench/plugins/fr.ac6.mcu.externaltools.arm-none.win32_1.16.0.201807130628/tools/compiler/bin/../lib/gcc/arm-none-eabi/7.2.1/../../../../arm-none-eabi/lib/thumb/v7e-m/fpv4-sp/hard/crt0.o (__libc_init_array)
c:/ac6/systemworkbench/plugins/fr.ac6.mcu.externaltools.arm-none.win32_1.16.0.201807130628/tools/compiler/bin/../lib/gcc/arm-none-eabi/7.2.1/../../../../arm-none-eabi/lib/thumb/v7e-m/fpv4-sp/hard\libc_nano.a(lib_a-memcpy-stub.o)
                              Middlewares/FreeRTOS/queue.o (memcpy)
c:/ac6/systemworkbench/plugins/fr.ac6.mcu.externaltools.arm-none.win32_1.16.0.201807130628/tools/compiler/bin/../lib/gcc/arm-none-eabi/7.2.1/../../../../arm-none-eabi/lib/thumb/v7e-m/fpv4-sp/hard\libc_nano.a(lib_a-memset.o)
                              c:/ac6/systemworkbench/plugins/fr.ac6.mcu.externaltools.arm-none.win32_1.16.0.201807130628/tools/compiler/bin/../lib/gcc/arm-none-eabi/7.2.1/../../../../arm-none-eabi/lib/thumb/v7e-m/fpv4-sp/hard/crt0.o (memset)
c:/ac6/systemworkbench/plugins/fr.ac6.mcu.externaltools.arm-none.win32_1.16.0.201807130628/tools/compiler/bin/../lib/gcc/arm-none-eabi/7.2.1/../../../../arm-none-eabi/lib/thumb/v7e-m/fpv4-sp/hard\libnosys.a(_exit.o)
                              c:/ac6/systemworkbench/plugins/fr.ac6.mcu.externaltools.arm-none.win32_1.16.0.201807130628/tools/compiler/bin/../lib/gcc/arm-none-eabi/7.2.1/../../../../arm-none-eabi/lib/thumb/v7e-m/fpv4-sp/hard\libc_nano.a(lib_a-exit.o) (_exit)

Allocating common symbols
Common symbol       size              file

sFilterConfig       0x28              Application/User/can.o
defaultTaskHandle   0x4               Application/User/freertos.o
hcan                0x28              Application/User/can.o
uwTick              0x4               Drivers/STM32F3xx_HAL_Driver/stm32f3xx_hal.o
xQueueRegistry      0x40              Middlewares/FreeRTOS/queue.o
pFlash              0x20              Drivers/STM32F3xx_HAL_Driver/stm32f3xx_hal_flash.o
TxData              0x8               Application/User/can.o
TxMailbox           0x4               Application/User/can.o
RxData              0x8               Application/User/can.o
TxHeader            0x18              Application/User/can.o
RxHeader            0x1c              Application/User/can.o

Discarded input sections

 .text          0x00000000        0x0 c:/ac6/systemworkbench/plugins/fr.ac6.mcu.externaltools.arm-none.win32_1.16.0.201807130628/tools/compiler/bin/../lib/gcc/arm-none-eabi/7.2.1/thumb/v7e-m/fpv4-sp/hard/crti.o
 .data          0x00000000        0x0 c:/ac6/systemworkbench/plugins/fr.ac6.mcu.externaltools.arm-none.win32_1.16.0.201807130628/tools/compiler/bin/../lib/gcc/arm-none-eabi/7.2.1/thumb/v7e-m/fpv4-sp/hard/crti.o
 .bss           0x00000000        0x0 c:/ac6/systemworkbench/plugins/fr.ac6.mcu.externaltools.arm-none.win32_1.16.0.201807130628/tools/compiler/bin/../lib/gcc/arm-none-eabi/7.2.1/thumb/v7e-m/fpv4-sp/hard/crti.o
 .data          0x00000000        0x4 c:/ac6/systemworkbench/plugins/fr.ac6.mcu.externaltools.arm-none.win32_1.16.0.201807130628/tools/compiler/bin/../lib/gcc/arm-none-eabi/7.2.1/thumb/v7e-m/fpv4-sp/hard/crtbegin.o
 .text          0x00000000       0x74 c:/ac6/systemworkbench/plugins/fr.ac6.mcu.externaltools.arm-none.win32_1.16.0.201807130628/tools/compiler/bin/../lib/gcc/arm-none-eabi/7.2.1/../../../../arm-none-eabi/lib/thumb/v7e-m/fpv4-sp/hard/crt0.o
 .data          0x00000000        0x0 c:/ac6/systemworkbench/plugins/fr.ac6.mcu.externaltools.arm-none.win32_1.16.0.201807130628/tools/compiler/bin/../lib/gcc/arm-none-eabi/7.2.1/../../../../arm-none-eabi/lib/thumb/v7e-m/fpv4-sp/hard/crt0.o
[...]
Memory Configuration

Name             Origin             Length             Attributes
RAM              0x20000000         0x00003000         xrw
CCMRAM           0x10000000         0x00001000         rw
FLASH            0x08000000         0x00010000         xr
*default*        0x00000000         0xffffffff

Linker script and memory map

LOAD c:/ac6/systemworkbench/plugins/fr.ac6.mcu.externaltools.arm-none.win32_1.16.0.201807130628/tools/compiler/bin/../lib/gcc/arm-none-eabi/7.2.1/thumb/v7e-m/fpv4-sp/hard/crti.o
LOAD c:/ac6/systemworkbench/plugins/fr.ac6.mcu.externaltools.arm-none.win32_1.16.0.201807130628/tools/compiler/bin/../lib/gcc/arm-none-eabi/7.2.1/thumb/v7e-m/fpv4-sp/hard/crtbegin.o
LOAD c:/ac6/systemworkbench/plugins/fr.ac6.mcu.externaltools.arm-none.win32_1.16.0.201807130628/tools/compiler/bin/../lib/gcc/arm-none-eabi/7.2.1/../../../../arm-none-eabi/lib/thumb/v7e-m/fpv4-sp/hard/crt0.o
LOAD Application/SW4STM32/startup_stm32f303x8.o
LOAD Application/User/can.o
LOAD Application/User/freertos.o
LOAD Application/User/gpio.o
LOAD Application/User/main.o
LOAD Application/User/stm32f3xx_hal_msp.o
LOAD Application/User/stm32f3xx_it.o
LOAD Drivers/CMSIS/system_stm32f3xx.o
LOAD Drivers/STM32F3xx_HAL_Driver/stm32f3xx_hal.o
LOAD Drivers/STM32F3xx_HAL_Driver/stm32f3xx_hal_can.o
LOAD Drivers/STM32F3xx_HAL_Driver/stm32f3xx_hal_cortex.o
LOAD Drivers/STM32F3xx_HAL_Driver/stm32f3xx_hal_dma.o
LOAD Drivers/STM32F3xx_HAL_Driver/stm32f3xx_hal_flash.o
LOAD Drivers/STM32F3xx_HAL_Driver/stm32f3xx_hal_flash_ex.o
LOAD Drivers/STM32F3xx_HAL_Driver/stm32f3xx_hal_gpio.o
LOAD Drivers/STM32F3xx_HAL_Driver/stm32f3xx_hal_i2c.o
LOAD Drivers/STM32F3xx_HAL_Driver/stm32f3xx_hal_i2c_ex.o
LOAD Drivers/STM32F3xx_HAL_Driver/stm32f3xx_hal_pwr.o
LOAD Drivers/STM32F3xx_HAL_Driver/stm32f3xx_hal_pwr_ex.o
LOAD Drivers/STM32F3xx_HAL_Driver/stm32f3xx_hal_rcc.o
LOAD Drivers/STM32F3xx_HAL_Driver/stm32f3xx_hal_rcc_ex.o
LOAD Drivers/STM32F3xx_HAL_Driver/stm32f3xx_hal_tim.o
LOAD Drivers/STM32F3xx_HAL_Driver/stm32f3xx_hal_tim_ex.o
LOAD Middlewares/FreeRTOS/cmsis_os.o
LOAD Middlewares/FreeRTOS/croutine.o
LOAD Middlewares/FreeRTOS/event_groups.o
LOAD Middlewares/FreeRTOS/heap_4.o
LOAD Middlewares/FreeRTOS/list.o
LOAD Middlewares/FreeRTOS/port.o
LOAD Middlewares/FreeRTOS/queue.o
LOAD Middlewares/FreeRTOS/tasks.o
LOAD Middlewares/FreeRTOS/timers.o
LOAD c:/ac6/systemworkbench/plugins/fr.ac6.mcu.externaltools.arm-none.win32_1.16.0.201807130628/tools/compiler/bin/../lib/gcc/arm-none-eabi/7.2.1/../../../../arm-none-eabi/lib/thumb/v7e-m/fpv4-sp/hard\libm.a
START GROUP
LOAD c:/ac6/systemworkbench/plugins/fr.ac6.mcu.externaltools.arm-none.win32_1.16.0.201807130628/tools/compiler/bin/../lib/gcc/arm-none-eabi/7.2.1/thumb/v7e-m/fpv4-sp/hard\libgcc.a
LOAD c:/ac6/systemworkbench/plugins/fr.ac6.mcu.externaltools.arm-none.win32_1.16.0.201807130628/tools/compiler/bin/../lib/gcc/arm-none-eabi/7.2.1/../../../../arm-none-eabi/lib/thumb/v7e-m/fpv4-sp/hard\libc_nano.a
END GROUP
START GROUP
LOAD c:/ac6/systemworkbench/plugins/fr.ac6.mcu.externaltools.arm-none.win32_1.16.0.201807130628/tools/compiler/bin/../lib/gcc/arm-none-eabi/7.2.1/thumb/v7e-m/fpv4-sp/hard\libgcc.a
LOAD c:/ac6/systemworkbench/plugins/fr.ac6.mcu.externaltools.arm-none.win32_1.16.0.201807130628/tools/compiler/bin/../lib/gcc/arm-none-eabi/7.2.1/../../../../arm-none-eabi/lib/thumb/v7e-m/fpv4-sp/hard\libc_nano.a
LOAD c:/ac6/systemworkbench/plugins/fr.ac6.mcu.externaltools.arm-none.win32_1.16.0.201807130628/tools/compiler/bin/../lib/gcc/arm-none-eabi/7.2.1/../../../../arm-none-eabi/lib/thumb/v7e-m/fpv4-sp/hard\libnosys.a
END GROUP
START GROUP
LOAD c:/ac6/systemworkbench/plugins/fr.ac6.mcu.externaltools.arm-none.win32_1.16.0.201807130628/tools/compiler/bin/../lib/gcc/arm-none-eabi/7.2.1/thumb/v7e-m/fpv4-sp/hard\libgcc.a
LOAD c:/ac6/systemworkbench/plugins/fr.ac6.mcu.externaltools.arm-none.win32_1.16.0.201807130628/tools/compiler/bin/../lib/gcc/arm-none-eabi/7.2.1/../../../../arm-none-eabi/lib/thumb/v7e-m/fpv4-sp/hard\libc_nano.a
LOAD c:/ac6/systemworkbench/plugins/fr.ac6.mcu.externaltools.arm-none.win32_1.16.0.201807130628/tools/compiler/bin/../lib/gcc/arm-none-eabi/7.2.1/../../../../arm-none-eabi/lib/thumb/v7e-m/fpv4-sp/hard\libnosys.a
END GROUP
LOAD c:/ac6/systemworkbench/plugins/fr.ac6.mcu.externaltools.arm-none.win32_1.16.0.201807130628/tools/compiler/bin/../lib/gcc/arm-none-eabi/7.2.1/thumb/v7e-m/fpv4-sp/hard/crtend.o
LOAD c:/ac6/systemworkbench/plugins/fr.ac6.mcu.externaltools.arm-none.win32_1.16.0.201807130628/tools/compiler/bin/../lib/gcc/arm-none-eabi/7.2.1/thumb/v7e-m/fpv4-sp/hard/crtn.o
                0x20003000                _estack = 0x20003000
                0x00000200                _Min_Heap_Size = 0x200
                0x00000400                _Min_Stack_Size = 0x400

.isr_vector     0x08000000      0x188
                0x08000000                . = ALIGN (0x4)
 *(.isr_vector)
 .isr_vector    0x08000000      0x188 Application/SW4STM32/startup_stm32f303x8.o
                0x08000000                g_pfnVectors
                0x08000188                . = ALIGN (0x4)

.text           0x08000190     0x2448
                0x08000190                . = ALIGN (0x4)
 *(.text)
 .text          0x08000190       0x40 c:/ac6/systemworkbench/plugins/fr.ac6.mcu.externaltools.arm-none.win32_1.16.0.201807130628/tools/compiler/bin/../lib/gcc/arm-none-eabi/7.2.1/thumb/v7e-m/fpv4-sp/hard/crtbegin.o
 *(.text*)
 .text.Reset_Handler
                0x080001d0       0x50 Application/SW4STM32/startup_stm32f303x8.o
                0x080001d0                Reset_Handler
 .text.Default_Handler
                0x08000220        0x2 Application/SW4STM32/startup_stm32f303x8.o
                0x08000220                RTC_Alarm_IRQHandler
                0x08000220                TIM1_CC_IRQHandler
                0x08000220                PVD_IRQHandler
                0x08000220                TAMP_STAMP_IRQHandler
                0x08000220                EXTI3_IRQHandler
                0x08000220                EXTI0_IRQHandler
                0x08000220                FPU_IRQHandler
                0x08000220                TIM1_UP_TIM16_IRQHandler
                0x08000220                ADC1_2_IRQHandler
                0x08000220                SPI1_IRQHandler
                0x08000220                CAN_SCE_IRQHandler
                0x08000220                DMA1_Channel4_IRQHandler
                0x08000220                USART3_IRQHandler
                0x08000220                DMA1_Channel7_IRQHandler
                0x08000220                TIM7_DAC2_IRQHandler
                0x08000220                CAN_RX1_IRQHandler
                0x08000220                I2C1_EV_IRQHandler
                0x08000220                DMA1_Channel6_IRQHandler
                0x08000220                TIM3_IRQHandler
                0x08000220                RCC_IRQHandler
                0x08000220                DMA1_Channel1_IRQHandler
                0x08000220                Default_Handler
                0x08000220                EXTI15_10_IRQHandler
                0x08000220                COMP2_IRQHandler
                0x08000220                TIM6_DAC1_IRQHandler
                0x08000220                EXTI9_5_IRQHandler
                0x08000220                RTC_WKUP_IRQHandler
                0x08000220                DMA1_Channel5_IRQHandler
                0x08000220                EXTI4_IRQHandler
                0x08000220                TIM1_TRG_COM_TIM17_IRQHandler
                0x08000220                DMA1_Channel3_IRQHandler
                0x08000220                WWDG_IRQHandler
                0x08000220                TIM2_IRQHandler
                0x08000220                EXTI1_IRQHandler
                0x08000220                COMP4_6_IRQHandler
                0x08000220                USART2_IRQHandler
                0x08000220                DMA1_Channel2_IRQHandler
                0x08000220                FLASH_IRQHandler
                0x08000220                USART1_IRQHandler
                0x08000220                I2C1_ER_IRQHandler
                0x08000220                EXTI2_TSC_IRQHandler
                0x08000220                TIM1_BRK_TIM15_IRQHandler
 *fill*         0x08000222        0x2 
 .text.MX_CAN_Init
                0x08000224       0x48 Application/User/can.o
                0x08000224                MX_CAN_Init
 .text.HAL_CAN_MspInit
                0x0800026c       0x6c Application/User/can.o
                0x0800026c                HAL_CAN_MspInit
 .text.HAL_CAN_TxMailbox0CompleteCallback
                0x080002d8        0x2 Application/User/can.o
                0x080002d8                HAL_CAN_TxMailbox0CompleteCallback
 *fill*         0x080002da        0x2 
 .text.HAL_CAN_RxFifo0MsgPendingCallback
                0x080002dc       0x28 Application/User/can.o
                0x080002dc                HAL_CAN_RxFifo0MsgPendingCallback
 .text.JDO_SendCan
                0x08000304       0x34 Application/User/can.o
                0x08000304                JDO_SendCan
 .text.JDO_CanInit
                0x08000338       0xa4 Application/User/can.o
                0x08000338                JDO_CanInit
 .text.StartDefaultTask
                0x080003dc       0x10 Application/User/freertos.o
                0x080003dc                StartDefaultTask
 .text.MX_FREERTOS_Init
                0x080003ec       0x28 Application/User/freertos.o
                0x080003ec                MX_FREERTOS_Init
 .text.MX_GPIO_Init
                0x08000414       0x58 Application/User/gpio.o
                0x08000414                MX_GPIO_Init
 .text._Error_Handler
                0x0800046c        0x2 Application/User/main.o
                0x0800046c                _Error_Handler
 *fill*         0x0800046e        0x2 
 .text.SystemClock_Config
                0x08000470       0x74 Application/User/main.o
                0x08000470                SystemClock_Config
 .text.main     0x080004e4       0x20 Application/User/main.o
                0x080004e4                main
 .text.HAL_MspInit
                0x08000504       0x90 Application/User/stm32f3xx_hal_msp.o
                0x08000504                HAL_MspInit
 .text.NMI_Handler
                0x08000594        0x2 Application/User/stm32f3xx_it.o
                0x08000594                NMI_Handler
 .text.HardFault_Handler
                0x08000596        0x2 Application/User/stm32f3xx_it.o
                0x08000596                HardFault_Handler
 .text.MemManage_Handler
                0x08000598        0x2 Application/User/stm32f3xx_it.o
                0x08000598                MemManage_Handler
 .text.BusFault_Handler
                0x0800059a        0x2 Application/User/stm32f3xx_it.o
                0x0800059a                BusFault_Handler
 .text.UsageFault_Handler
                0x0800059c        0x2 Application/User/stm32f3xx_it.o
                0x0800059c                UsageFault_Handler
 .text.DebugMon_Handler
                0x0800059e        0x2 Application/User/stm32f3xx_it.o
                0x0800059e                DebugMon_Handler
 .text.SysTick_Handler
                0x080005a0        0xc Application/User/stm32f3xx_it.o
                0x080005a0                SysTick_Handler
 .text.CAN_TX_IRQHandler
                0x080005ac       0x10 Application/User/stm32f3xx_it.o
                0x080005ac                CAN_TX_IRQHandler
 .text.CAN_RX0_IRQHandler
                0x080005bc       0x10 Application/User/stm32f3xx_it.o
                0x080005bc                CAN_RX0_IRQHandler
 .text.SystemInit
                0x080005cc       0x68 Drivers/CMSIS/system_stm32f3xx.o
                0x080005cc                SystemInit
 .text.HAL_InitTick
                0x08000634       0x48 Drivers/STM32F3xx_HAL_Driver/stm32f3xx_hal.o
                0x08000634                HAL_InitTick
 .text.HAL_Init
                0x0800067c       0x24 Drivers/STM32F3xx_HAL_Driver/stm32f3xx_hal.o
                0x0800067c                HAL_Init
 .text.HAL_IncTick
                0x080006a0       0x18 Drivers/STM32F3xx_HAL_Driver/stm32f3xx_hal.o
                0x080006a0                HAL_IncTick
 .text.HAL_GetTick
                0x080006b8        0xc Drivers/STM32F3xx_HAL_Driver/stm32f3xx_hal.o
                0x080006b8                HAL_GetTick
 .text.HAL_CAN_Init
                0x080006c4      0x14c Drivers/STM32F3xx_HAL_Driver/stm32f3xx_hal_can.o
                0x080006c4                HAL_CAN_Init
 .text.HAL_CAN_ConfigFilter
                0x08000810       0xfc Drivers/STM32F3xx_HAL_Driver/stm32f3xx_hal_can.o
                0x08000810                HAL_CAN_ConfigFilter
 .text.HAL_CAN_Start
                0x0800090c       0x5c Drivers/STM32F3xx_HAL_Driver/stm32f3xx_hal_can.o
                0x0800090c                HAL_CAN_Start
 .text.HAL_CAN_AddTxMessage
                0x08000968       0xea Drivers/STM32F3xx_HAL_Driver/stm32f3xx_hal_can.o
                0x08000968                HAL_CAN_AddTxMessage
 .text.HAL_CAN_GetRxMessage
                0x08000a52      0x134 Drivers/STM32F3xx_HAL_Driver/stm32f3xx_hal_can.o
                0x08000a52                HAL_CAN_GetRxMessage
 .text.HAL_CAN_ActivateNotification
                0x08000b86       0x24 Drivers/STM32F3xx_HAL_Driver/stm32f3xx_hal_can.o
                0x08000b86                HAL_CAN_ActivateNotification
 .text.HAL_CAN_TxMailbox1CompleteCallback
                0x08000baa        0x2 Drivers/STM32F3xx_HAL_Driver/stm32f3xx_hal_can.o
                0x08000baa                HAL_CAN_TxMailbox1CompleteCallback
 .text.HAL_CAN_TxMailbox2CompleteCallback
                0x08000bac        0x2 Drivers/STM32F3xx_HAL_Driver/stm32f3xx_hal_can.o
                0x08000bac                HAL_CAN_TxMailbox2CompleteCallback
 .text.HAL_CAN_TxMailbox0AbortCallback
                0x08000bae        0x2 Drivers/STM32F3xx_HAL_Driver/stm32f3xx_hal_can.o
                0x08000bae                HAL_CAN_TxMailbox0AbortCallback
 .text.HAL_CAN_TxMailbox1AbortCallback
                0x08000bb0        0x2 Drivers/STM32F3xx_HAL_Driver/stm32f3xx_hal_can.o
                0x08000bb0                HAL_CAN_TxMailbox1AbortCallback
 .text.HAL_CAN_TxMailbox2AbortCallback
                0x08000bb2        0x2 Drivers/STM32F3xx_HAL_Driver/stm32f3xx_hal_can.o
                0x08000bb2                HAL_CAN_TxMailbox2AbortCallback
 .text.HAL_CAN_RxFifo0FullCallback
                0x08000bb4        0x2 Drivers/STM32F3xx_HAL_Driver/stm32f3xx_hal_can.o
                0x08000bb4                HAL_CAN_RxFifo0FullCallback
 .text.HAL_CAN_RxFifo1MsgPendingCallback
                0x08000bb6        0x2 Drivers/STM32F3xx_HAL_Driver/stm32f3xx_hal_can.o
                0x08000bb6                HAL_CAN_RxFifo1MsgPendingCallback
 .text.HAL_CAN_RxFifo1FullCallback
                0x08000bb8        0x2 Drivers/STM32F3xx_HAL_Driver/stm32f3xx_hal_can.o
                0x08000bb8                HAL_CAN_RxFifo1FullCallback
 .text.HAL_CAN_SleepCallback
                0x08000bba        0x2 Drivers/STM32F3xx_HAL_Driver/stm32f3xx_hal_can.o
                0x08000bba                HAL_CAN_SleepCallback
 .text.HAL_CAN_WakeUpFromRxMsgCallback
                0x08000bbc        0x2 Drivers/STM32F3xx_HAL_Driver/stm32f3xx_hal_can.o
                0x08000bbc                HAL_CAN_WakeUpFromRxMsgCallback
 .text.HAL_CAN_ErrorCallback
                0x08000bbe        0x2 Drivers/STM32F3xx_HAL_Driver/stm32f3xx_hal_can.o
                0x08000bbe                HAL_CAN_ErrorCallback
 .text.HAL_CAN_IRQHandler
                0x08000bc0      0x258 Drivers/STM32F3xx_HAL_Driver/stm32f3xx_hal_can.o
                0x08000bc0                HAL_CAN_IRQHandler
 .text.HAL_NVIC_SetPriorityGrouping
                0x08000e18       0x24 Drivers/STM32F3xx_HAL_Driver/stm32f3xx_hal_cortex.o
                0x08000e18                HAL_NVIC_SetPriorityGrouping
 .text.HAL_NVIC_SetPriority
                0x08000e3c       0x68 Drivers/STM32F3xx_HAL_Driver/stm32f3xx_hal_cortex.o
                0x08000e3c                HAL_NVIC_SetPriority
 .text.HAL_NVIC_EnableIRQ
                0x08000ea4       0x18 Drivers/STM32F3xx_HAL_Driver/stm32f3xx_hal_cortex.o
                0x08000ea4                HAL_NVIC_EnableIRQ
 .text.HAL_SYSTICK_Config
                0x08000ebc       0x2c Drivers/STM32F3xx_HAL_Driver/stm32f3xx_hal_cortex.o
                0x08000ebc                HAL_SYSTICK_Config
 .text.HAL_SYSTICK_CLKSourceConfig
                0x08000ee8       0x20 Drivers/STM32F3xx_HAL_Driver/stm32f3xx_hal_cortex.o
                0x08000ee8                HAL_SYSTICK_CLKSourceConfig
 .text.HAL_GPIO_Init
                0x08000f08      0x188 Drivers/STM32F3xx_HAL_Driver/stm32f3xx_hal_gpio.o
                0x08000f08                HAL_GPIO_Init
 .text.HAL_GPIO_WritePin
                0x08001090        0xa Drivers/STM32F3xx_HAL_Driver/stm32f3xx_hal_gpio.o
                0x08001090                HAL_GPIO_WritePin
 .text.HAL_GPIO_TogglePin
                0x0800109a        0x8 Drivers/STM32F3xx_HAL_Driver/stm32f3xx_hal_gpio.o
                0x0800109a                HAL_GPIO_TogglePin
 *fill*         0x080010a2        0x2 
 .text.HAL_RCC_OscConfig
                0x080010a4      0x618 Drivers/STM32F3xx_HAL_Driver/stm32f3xx_hal_rcc.o
                0x080010a4                HAL_RCC_OscConfig
 .text.HAL_RCC_GetSysClockFreq
                0x080016bc       0x70 Drivers/STM32F3xx_HAL_Driver/stm32f3xx_hal_rcc.o
                0x080016bc                HAL_RCC_GetSysClockFreq
 .text.HAL_RCC_ClockConfig
                0x0800172c      0x1a0 Drivers/STM32F3xx_HAL_Driver/stm32f3xx_hal_rcc.o
                0x0800172c                HAL_RCC_ClockConfig
 .text.HAL_RCC_GetHCLKFreq
                0x080018cc        0xc Drivers/STM32F3xx_HAL_Driver/stm32f3xx_hal_rcc.o
                0x080018cc                HAL_RCC_GetHCLKFreq
 .text.makeFreeRtosPriority
                0x080018d8        0xc Middlewares/FreeRTOS/cmsis_os.o
 .text.osKernelStart
                0x080018e4        0xa Middlewares/FreeRTOS/cmsis_os.o
                0x080018e4                osKernelStart
 .text.osThreadCreate
                0x080018ee       0x34 Middlewares/FreeRTOS/cmsis_os.o
                0x080018ee                osThreadCreate
 .text.osDelay  0x08001922       0x12 Middlewares/FreeRTOS/cmsis_os.o
                0x08001922                osDelay
 .text.osSystickHandler
                0x08001934       0x10 Middlewares/FreeRTOS/cmsis_os.o
                0x08001934                osSystickHandler
 .text.prvHeapInit
                0x08001944       0x54 Middlewares/FreeRTOS/heap_4.o
 .text.prvInsertBlockIntoFreeList
                0x08001998       0x58 Middlewares/FreeRTOS/heap_4.o
 .text.pvPortMalloc
                0x080019f0      0x10c Middlewares/FreeRTOS/heap_4.o
                0x080019f0                pvPortMalloc
 .text.vPortFree
                0x08001afc       0x70 Middlewares/FreeRTOS/heap_4.o
                0x08001afc                vPortFree
 .text.vListInitialise
                0x08001b6c       0x16 Middlewares/FreeRTOS/list.o
                0x08001b6c                vListInitialise
 .text.vListInitialiseItem
                0x08001b82        0x6 Middlewares/FreeRTOS/list.o
                0x08001b82                vListInitialiseItem
 .text.vListInsertEnd
                0x08001b88       0x18 Middlewares/FreeRTOS/list.o
                0x08001b88                vListInsertEnd
 .text.vListInsert
                0x08001ba0       0x34 Middlewares/FreeRTOS/list.o
                0x08001ba0                vListInsert
 .text.uxListRemove
                0x08001bd4       0x26 Middlewares/FreeRTOS/list.o
                0x08001bd4                uxListRemove
 *fill*         0x08001bfa        0x2 
 .text.prvTaskExitError
                0x08001bfc       0x34 Middlewares/FreeRTOS/port.o
 .text.prvPortStartFirstTask
                0x08001c30       0x20 Middlewares/FreeRTOS/port.o
 .text.vPortEnableVFP
                0x08001c50       0x14 Middlewares/FreeRTOS/port.o
 .text.pxPortInitialiseStack
                0x08001c64       0x2c Middlewares/FreeRTOS/port.o
                0x08001c64                pxPortInitialiseStack
 .text.SVC_Handler
                0x08001c90       0x24 Middlewares/FreeRTOS/port.o
                0x08001c90                SVC_Handler
 .text.vPortEnterCritical
                0x08001cb4       0x44 Middlewares/FreeRTOS/port.o
                0x08001cb4                vPortEnterCritical
 .text.vPortExitCritical
                0x08001cf8       0x2c Middlewares/FreeRTOS/port.o
                0x08001cf8                vPortExitCritical
 *fill*         0x08001d24        0xc 
 .text.PendSV_Handler
                0x08001d30       0x64 Middlewares/FreeRTOS/port.o
                0x08001d30                PendSV_Handler
 .text.xPortSysTickHandler
                0x08001d94       0x2c Middlewares/FreeRTOS/port.o
                0x08001d94                xPortSysTickHandler
 .text.vPortSetupTimerInterrupt
                0x08001dc0       0x2c Middlewares/FreeRTOS/port.o
                0x08001dc0                vPortSetupTimerInterrupt
 .text.xPortStartScheduler
                0x08001dec       0xe8 Middlewares/FreeRTOS/port.o
                0x08001dec                xPortStartScheduler
 .text.prvResetNextTaskUnblockTime
                0x08001ed4       0x24 Middlewares/FreeRTOS/tasks.o
 .text.prvDeleteTCB
                0x08001ef8       0x12 Middlewares/FreeRTOS/tasks.o
 .text.prvInitialiseNewTask
                0x08001f0a       0x80 Middlewares/FreeRTOS/tasks.o
 *fill*         0x08001f8a        0x2 
 .text.prvInitialiseTaskLists
                0x08001f8c       0x58 Middlewares/FreeRTOS/tasks.o
 .text.prvAddNewTaskToReadyList
                0x08001fe4       0xac Middlewares/FreeRTOS/tasks.o
 .text.prvAddCurrentTaskToDelayedList
                0x08002090       0x88 Middlewares/FreeRTOS/tasks.o
 .text.xTaskCreate
                0x08002118       0x62 Middlewares/FreeRTOS/tasks.o
                0x08002118                xTaskCreate
 *fill*         0x0800217a        0x2 
 .text.vTaskStartScheduler
                0x0800217c       0x74 Middlewares/FreeRTOS/tasks.o
                0x0800217c                vTaskStartScheduler
 .text.vTaskSuspendAll
                0x080021f0       0x14 Middlewares/FreeRTOS/tasks.o
                0x080021f0                vTaskSuspendAll
 .text.xTaskIncrementTick
                0x08002204      0x10c Middlewares/FreeRTOS/tasks.o
                0x08002204                xTaskIncrementTick
 .text.xTaskResumeAll
                0x08002310       0xf0 Middlewares/FreeRTOS/tasks.o
                0x08002310                xTaskResumeAll
 .text.vTaskDelay
                0x08002400       0x4c Middlewares/FreeRTOS/tasks.o
                0x08002400                vTaskDelay
 .text.prvCheckTasksWaitingTermination
                0x0800244c       0x54 Middlewares/FreeRTOS/tasks.o
 .text.prvIdleTask
                0x080024a0       0x28 Middlewares/FreeRTOS/tasks.o
 .text.vTaskSwitchContext
                0x080024c8       0x90 Middlewares/FreeRTOS/tasks.o
                0x080024c8                vTaskSwitchContext
 .text.xTaskGetSchedulerState
                0x08002558       0x20 Middlewares/FreeRTOS/tasks.o
                0x08002558                xTaskGetSchedulerState
 .text.__libc_init_array
                0x08002578       0x48 c:/ac6/systemworkbench/plugins/fr.ac6.mcu.externaltools.arm-none.win32_1.16.0.201807130628/tools/compiler/bin/../lib/gcc/arm-none-eabi/7.2.1/../../../../arm-none-eabi/lib/thumb/v7e-m/fpv4-sp/hard\libc_nano.a(lib_a-init.o)
                0x08002578                __libc_init_array
 *(.glue_7)
 .glue_7        0x080025c0        0x0 linker stubs
 *(.glue_7t)
 .glue_7t       0x080025c0        0x0 linker stubs
 *(.eh_frame)
 .eh_frame      0x080025c0        0x0 c:/ac6/systemworkbench/plugins/fr.ac6.mcu.externaltools.arm-none.win32_1.16.0.201807130628/tools/compiler/bin/../lib/gcc/arm-none-eabi/7.2.1/thumb/v7e-m/fpv4-sp/hard/crtbegin.o
 *(.init)
 .init          0x080025c0        0x4 c:/ac6/systemworkbench/plugins/fr.ac6.mcu.externaltools.arm-none.win32_1.16.0.201807130628/tools/compiler/bin/../lib/gcc/arm-none-eabi/7.2.1/thumb/v7e-m/fpv4-sp/hard/crti.o
                0x080025c0                _init
 .init          0x080025c4        0x8 c:/ac6/systemworkbench/plugins/fr.ac6.mcu.externaltools.arm-none.win32_1.16.0.201807130628/tools/compiler/bin/../lib/gcc/arm-none-eabi/7.2.1/thumb/v7e-m/fpv4-sp/hard/crtn.o
 *(.fini)
 .fini          0x080025cc        0x4 c:/ac6/systemworkbench/plugins/fr.ac6.mcu.externaltools.arm-none.win32_1.16.0.201807130628/tools/compiler/bin/../lib/gcc/arm-none-eabi/7.2.1/thumb/v7e-m/fpv4-sp/hard/crti.o
                0x080025cc                _fini
 .fini          0x080025d0        0x8 c:/ac6/systemworkbench/plugins/fr.ac6.mcu.externaltools.arm-none.win32_1.16.0.201807130628/tools/compiler/bin/../lib/gcc/arm-none-eabi/7.2.1/thumb/v7e-m/fpv4-sp/hard/crtn.o
                0x080025d8                . = ALIGN (0x4)
                0x080025d8                _etext = .

.vfp11_veneer   0x080025d8        0x0
 .vfp11_veneer  0x080025d8        0x0 linker stubs

.v4_bx          0x080025d8        0x0
 .v4_bx         0x080025d8        0x0 linker stubs

.iplt           0x080025d8        0x0
 .iplt          0x080025d8        0x0 c:/ac6/systemworkbench/plugins/fr.ac6.mcu.externaltools.arm-none.win32_1.16.0.201807130628/tools/compiler/bin/../lib/gcc/arm-none-eabi/7.2.1/thumb/v7e-m/fpv4-sp/hard/crtbegin.o

.rodata         0x080025d8      0x104
                0x080025d8                . = ALIGN (0x4)
 *(.rodata)
 .rodata        0x080025d8       0x14 Application/User/freertos.o
 .rodata        0x080025ec       0x18 Drivers/CMSIS/system_stm32f3xx.o
                0x080025ec                AHBPrescTable
                0x080025fc                APBPrescTable
 .rodata        0x08002604       0x20 Drivers/STM32F3xx_HAL_Driver/stm32f3xx_hal_rcc.o
                0x08002604                aPLLMULFactorTable
                0x08002614                aPredivFactorTable
 *(.rodata*)
 .rodata.str1.4
                0x08002624       0x4e Application/User/can.o
 *fill*         0x08002672        0x2 
 .rodata.str1.4
                0x08002674        0xc Application/User/freertos.o
 .rodata.str1.4
                0x08002680       0x52 Application/User/main.o
 *fill*         0x080026d2        0x2 
 .rodata.str1.4
                0x080026d4        0x8 Middlewares/FreeRTOS/tasks.o
                                  0x5 (size before relaxing)
                0x080026dc                . = ALIGN (0x4)

.rel.dyn        0x080026dc        0x0
 .rel.iplt      0x080026dc        0x0 c:/ac6/systemworkbench/plugins/fr.ac6.mcu.externaltools.arm-none.win32_1.16.0.201807130628/tools/compiler/bin/../lib/gcc/arm-none-eabi/7.2.1/thumb/v7e-m/fpv4-sp/hard/crtbegin.o

.ARM.extab
 *(.ARM.extab* .gnu.linkonce.armextab.*)

.ARM            0x080026dc        0x0
                0x080026dc                __exidx_start = .
 *(.ARM.exidx*)
                0x080026dc                __exidx_end = .

.preinit_array  0x080026dc        0x0
                0x080026dc                PROVIDE (__preinit_array_start, .)
 *(.preinit_array*)
                0x080026dc                PROVIDE (__preinit_array_end, .)

.init_array     0x080026dc        0x4
                0x080026dc                PROVIDE (__init_array_start, .)
 *(SORT_BY_NAME(.init_array.*))
 *(.init_array*)
 .init_array    0x080026dc        0x4 c:/ac6/systemworkbench/plugins/fr.ac6.mcu.externaltools.arm-none.win32_1.16.0.201807130628/tools/compiler/bin/../lib/gcc/arm-none-eabi/7.2.1/thumb/v7e-m/fpv4-sp/hard/crtbegin.o
                0x080026e0                PROVIDE (__init_array_end, .)

.fini_array     0x080026e0        0x4
                [!provide]                PROVIDE (__fini_array_start, .)
 *(SORT_BY_NAME(.fini_array.*))
 *(.fini_array*)
 .fini_array    0x080026e0        0x4 c:/ac6/systemworkbench/plugins/fr.ac6.mcu.externaltools.arm-none.win32_1.16.0.201807130628/tools/compiler/bin/../lib/gcc/arm-none-eabi/7.2.1/thumb/v7e-m/fpv4-sp/hard/crtbegin.o
                [!provide]                PROVIDE (__fini_array_end, .)
                0x080026e4                _sidata = LOADADDR (.data)

.data           0x20000000       0x10 load address 0x080026e4
                0x20000000                . = ALIGN (0x4)
                0x20000000                _sdata = .
 *(.data)
 .data          0x20000000        0x4 Drivers/CMSIS/system_stm32f3xx.o
                0x20000000                SystemCoreClock
 .data          0x20000004        0x8 Drivers/STM32F3xx_HAL_Driver/stm32f3xx_hal.o
                0x20000004                uwTickFreq
                0x20000008                uwTickPrio
 .data          0x2000000c        0x4 Middlewares/FreeRTOS/port.o
 *(.data*)
                0x20000010                . = ALIGN (0x4)
                0x20000010                _edata = .
                0x080026f4                _siccmram = LOADADDR (.ccmram)

.igot.plt       0x20000010        0x0 load address 0x080026f4
 .igot.plt      0x20000010        0x0 c:/ac6/systemworkbench/plugins/fr.ac6.mcu.externaltools.arm-none.win32_1.16.0.201807130628/tools/compiler/bin/../lib/gcc/arm-none-eabi/7.2.1/thumb/v7e-m/fpv4-sp/hard/crtbegin.o

.ccmram         0x10000000        0x0 load address 0x080026f4
                0x10000000                . = ALIGN (0x4)
                0x10000000                _sccmram = .
 *(.ccmram)
 *(.ccmram*)
                0x10000000                . = ALIGN (0x4)
                0x10000000                _eccmram = .
                0x10000000                . = ALIGN (0x4)

.bss            0x20000010      0xe08
                0x20000010                _sbss = .
                0x20000010                __bss_start__ = _sbss
 *(.bss)
 .bss           0x20000010       0x1c c:/ac6/systemworkbench/plugins/fr.ac6.mcu.externaltools.arm-none.win32_1.16.0.201807130628/tools/compiler/bin/../lib/gcc/arm-none-eabi/7.2.1/thumb/v7e-m/fpv4-sp/hard/crtbegin.o
 .bss           0x2000002c      0xc18 Middlewares/FreeRTOS/heap_4.o
 .bss           0x20000c44        0x8 Middlewares/FreeRTOS/port.o
 .bss           0x20000c4c      0x12c Middlewares/FreeRTOS/tasks.o
                0x20000d4c                pxCurrentTCB
 *(.bss*)
 *(COMMON)
 COMMON         0x20000d78       0x98 Application/User/can.o
                0x20000d78                sFilterConfig
                0x20000da0                hcan
                0x20000dc8                TxData
                0x20000dd0                TxMailbox
                0x20000dd4                RxData
                0x20000ddc                TxHeader
                0x20000df4                RxHeader
 COMMON         0x20000e10        0x4 Application/User/freertos.o
                0x20000e10                defaultTaskHandle
 COMMON         0x20000e14        0x4 Drivers/STM32F3xx_HAL_Driver/stm32f3xx_hal.o
                0x20000e14                uwTick
                0x20000e18                . = ALIGN (0x4)
                0x20000e18                _ebss = .
                0x20000e18                __bss_end__ = _ebss

._user_heap_stack
                0x20000e18      0x600
                0x20000e18                . = ALIGN (0x8)
                [!provide]                PROVIDE (end, .)
                [!provide]                PROVIDE (_end, .)
                0x20001018                . = (. + _Min_Heap_Size)
 *fill*         0x20000e18      0x200 
                0x20001418                . = (. + _Min_Stack_Size)
 *fill*         0x20001018      0x400 
                0x20001418                . = ALIGN (0x8)

/DISCARD/
 libc.a(*)
 libm.a(*)
 libgcc.a(*)

.ARM.attributes
                0x00000000       0x30
 *(.ARM.attributes)
 .ARM.attributes
                0x00000000       0x22 c:/ac6/systemworkbench/plugins/fr.ac6.mcu.externaltools.arm-none.win32_1.16.0.201807130628/tools/compiler/bin/../lib/gcc/arm-none-eabi/7.2.1/thumb/v7e-m/fpv4-sp/hard/crti.o
 .ARM.attributes
                0x00000022       0x34 c:/ac6/systemworkbench/plugins/fr.ac6.mcu.externaltools.arm-none.win32_1.16.0.201807130628/tools/compiler/bin/../lib/gcc/arm-none-eabi/7.2.1/thumb/v7e-m/fpv4-sp/hard/crtbegin.o
 .ARM.attributes
                0x00000056       0x21 Application/SW4STM32/startup_stm32f303x8.o
 .ARM.attributes
                0x00000077       0x39 Application/User/can.o
 .ARM.attributes
                0x000000b0       0x39 Application/User/freertos.o
 .ARM.attributes
                0x000000e9       0x39 Application/User/gpio.o
 .ARM.attributes
                0x00000122       0x39 Application/User/main.o
 .ARM.attributes
                0x0000015b       0x39 Application/User/stm32f3xx_hal_msp.o
 .ARM.attributes
                0x00000194       0x39 Application/User/stm32f3xx_it.o
 .ARM.attributes
                0x000001cd       0x39 Drivers/CMSIS/system_stm32f3xx.o
 .ARM.attributes
                0x00000206       0x39 Drivers/STM32F3xx_HAL_Driver/stm32f3xx_hal.o
 .ARM.attributes
                0x0000023f       0x39 Drivers/STM32F3xx_HAL_Driver/stm32f3xx_hal_can.o
 .ARM.attributes
                0x00000278       0x39 Drivers/STM32F3xx_HAL_Driver/stm32f3xx_hal_cortex.o
 .ARM.attributes
                0x000002b1       0x39 Drivers/STM32F3xx_HAL_Driver/stm32f3xx_hal_gpio.o
 .ARM.attributes
                0x000002ea       0x39 Drivers/STM32F3xx_HAL_Driver/stm32f3xx_hal_rcc.o
 .ARM.attributes
                0x00000323       0x39 Middlewares/FreeRTOS/cmsis_os.o
 .ARM.attributes
                0x0000035c       0x39 Middlewares/FreeRTOS/heap_4.o
 .ARM.attributes
                0x00000395       0x39 Middlewares/FreeRTOS/list.o
 .ARM.attributes
                0x000003ce       0x39 Middlewares/FreeRTOS/port.o
 .ARM.attributes
                0x00000407       0x39 Middlewares/FreeRTOS/tasks.o
 .ARM.attributes
                0x00000440       0x34 c:/ac6/systemworkbench/plugins/fr.ac6.mcu.externaltools.arm-none.win32_1.16.0.201807130628/tools/compiler/bin/../lib/gcc/arm-none-eabi/7.2.1/../../../../arm-none-eabi/lib/thumb/v7e-m/fpv4-sp/hard\libc_nano.a(lib_a-init.o)
 .ARM.attributes
                0x00000474       0x22 c:/ac6/systemworkbench/plugins/fr.ac6.mcu.externaltools.arm-none.win32_1.16.0.201807130628/tools/compiler/bin/../lib/gcc/arm-none-eabi/7.2.1/thumb/v7e-m/fpv4-sp/hard/crtn.o
OUTPUT(F3_Blink_Test2.elf elf32-littlearm)

.debug_line     0x00000000     0xa564
 .debug_line    0x00000000       0xc4 Application/SW4STM32/startup_stm32f303x8.o
 .debug_line    0x000000c4      0x893 Application/User/can.o
 .debug_line    0x00000957      0xa52 Application/User/freertos.o
 .debug_line    0x000013a9      0x7e0 Application/User/gpio.o
 .debug_line    0x00001b89      0xa74 Application/User/main.o
 .debug_line    0x000025fd      0x7f3 Application/User/stm32f3xx_hal_msp.o
 .debug_line    0x00002df0      0xac6 Application/User/stm32f3xx_it.o
 .debug_line    0x000038b6      0x81e Drivers/CMSIS/system_stm32f3xx.o
 .debug_line    0x000040d4      0x9cb Drivers/STM32F3xx_HAL_Driver/stm32f3xx_hal.o
 .debug_line    0x00004a9f      0xcd4 Drivers/STM32F3xx_HAL_Driver/stm32f3xx_hal_can.o
 .debug_line    0x00005773      0x9c4 Drivers/STM32F3xx_HAL_Driver/stm32f3xx_hal_cortex.o
 .debug_line    0x00006137      0x94f Drivers/STM32F3xx_HAL_Driver/stm32f3xx_hal_gpio.o
 .debug_line    0x00006a86      0xce1 Drivers/STM32F3xx_HAL_Driver/stm32f3xx_hal_rcc.o
 .debug_line    0x00007767      0xc89 Middlewares/FreeRTOS/cmsis_os.o
 .debug_line    0x000083f0      0x6b9 Middlewares/FreeRTOS/heap_4.o
 .debug_line    0x00008aa9      0x605 Middlewares/FreeRTOS/list.o
 .debug_line    0x000090ae      0x615 Middlewares/FreeRTOS/port.o
 .debug_line    0x000096c3      0xea1 Middlewares/FreeRTOS/tasks.o

.debug_info     0x00000000    0x13dbf
 .debug_info    0x00000000       0x22 Application/SW4STM32/startup_stm32f303x8.o
 .debug_info    0x00000022     0x15fe Application/User/can.o
 .debug_info    0x00001620      0xee5 Application/User/freertos.o
 .debug_info    0x00002505      0xc29 Application/User/gpio.o
 .debug_info    0x0000312e     0x11b4 Application/User/main.o
 .debug_info    0x000042e2      0xce1 Application/User/stm32f3xx_hal_msp.o
 .debug_info    0x00004fc3      0xe26 Application/User/stm32f3xx_it.o
 .debug_info    0x00005de9      0xc82 Drivers/CMSIS/system_stm32f3xx.o
 .debug_info    0x00006a6b     0x1016 Drivers/STM32F3xx_HAL_Driver/stm32f3xx_hal.o
 .debug_info    0x00007a81     0x1954 Drivers/STM32F3xx_HAL_Driver/stm32f3xx_hal_can.o
 .debug_info    0x000093d5     0x14cf Drivers/STM32F3xx_HAL_Driver/stm32f3xx_hal_cortex.o
 .debug_info    0x0000a8a4      0xff8 Drivers/STM32F3xx_HAL_Driver/stm32f3xx_hal_gpio.o
 .debug_info    0x0000b89c     0x1c80 Drivers/STM32F3xx_HAL_Driver/stm32f3xx_hal_rcc.o
 .debug_info    0x0000d51c     0x231e Middlewares/FreeRTOS/cmsis_os.o
 .debug_info    0x0000f83a      0xc71 Middlewares/FreeRTOS/heap_4.o
 .debug_info    0x000104ab      0xacd Middlewares/FreeRTOS/list.o
 .debug_info    0x00010f78      0x532 Middlewares/FreeRTOS/port.o
 .debug_info    0x000114aa     0x2915 Middlewares/FreeRTOS/tasks.o

.debug_abbrev   0x00000000     0x2f3d
 .debug_abbrev  0x00000000       0x12 Application/SW4STM32/startup_stm32f303x8.o
 .debug_abbrev  0x00000012      0x29b Application/User/can.o
 .debug_abbrev  0x000002ad      0x298 Application/User/freertos.o
 .debug_abbrev  0x00000545      0x22b Application/User/gpio.o
 .debug_abbrev  0x00000770      0x2a4 Application/User/main.o
 .debug_abbrev  0x00000a14      0x234 Application/User/stm32f3xx_hal_msp.o
 .debug_abbrev  0x00000c48      0x21d Application/User/stm32f3xx_it.o
 .debug_abbrev  0x00000e65      0x21f Drivers/CMSIS/system_stm32f3xx.o
 .debug_abbrev  0x00001084      0x2e1 Drivers/STM32F3xx_HAL_Driver/stm32f3xx_hal.o
 .debug_abbrev  0x00001365      0x32e Drivers/STM32F3xx_HAL_Driver/stm32f3xx_hal_can.o
 .debug_abbrev  0x00001693      0x3b1 Drivers/STM32F3xx_HAL_Driver/stm32f3xx_hal_cortex.o
 .debug_abbrev  0x00001a44      0x2a7 Drivers/STM32F3xx_HAL_Driver/stm32f3xx_hal_gpio.o
 .debug_abbrev  0x00001ceb      0x365 Drivers/STM32F3xx_HAL_Driver/stm32f3xx_hal_rcc.o
 .debug_abbrev  0x00002050      0x3d4 Middlewares/FreeRTOS/cmsis_os.o
 .debug_abbrev  0x00002424      0x318 Middlewares/FreeRTOS/heap_4.o
 .debug_abbrev  0x0000273c      0x21c Middlewares/FreeRTOS/list.o
 .debug_abbrev  0x00002958      0x216 Middlewares/FreeRTOS/port.o
 .debug_abbrev  0x00002b6e      0x3cf Middlewares/FreeRTOS/tasks.o

.debug_aranges  0x00000000      0x998
 .debug_aranges
                0x00000000       0x28 Application/SW4STM32/startup_stm32f303x8.o
 .debug_aranges
                0x00000028       0x50 Application/User/can.o
 .debug_aranges
                0x00000078       0x28 Application/User/freertos.o
 .debug_aranges
                0x000000a0       0x20 Application/User/gpio.o
 .debug_aranges
                0x000000c0       0x30 Application/User/main.o
 .debug_aranges
                0x000000f0       0x20 Application/User/stm32f3xx_hal_msp.o
 .debug_aranges
                0x00000110       0x60 Application/User/stm32f3xx_it.o
 .debug_aranges
                0x00000170       0x28 Drivers/CMSIS/system_stm32f3xx.o
 .debug_aranges
                0x00000198       0xe0 Drivers/STM32F3xx_HAL_Driver/stm32f3xx_hal.o
 .debug_aranges
                0x00000278      0x138 Drivers/STM32F3xx_HAL_Driver/stm32f3xx_hal_can.o
 .debug_aranges
                0x000003b0       0x90 Drivers/STM32F3xx_HAL_Driver/stm32f3xx_hal_cortex.o
 .debug_aranges
                0x00000440       0x58 Drivers/STM32F3xx_HAL_Driver/stm32f3xx_hal_gpio.o
 .debug_aranges
                0x00000498       0x88 Drivers/STM32F3xx_HAL_Driver/stm32f3xx_hal_rcc.o
 .debug_aranges
                0x00000520      0x1d8 Middlewares/FreeRTOS/cmsis_os.o
 .debug_aranges
                0x000006f8       0x50 Middlewares/FreeRTOS/heap_4.o
 .debug_aranges
                0x00000748       0x40 Middlewares/FreeRTOS/list.o
 .debug_aranges
                0x00000788       0x80 Middlewares/FreeRTOS/port.o
 .debug_aranges
                0x00000808      0x190 Middlewares/FreeRTOS/tasks.o

.debug_str      0x00000000    0x848dc
 .debug_str     0x00000000       0xda Application/SW4STM32/startup_stm32f303x8.o
 .debug_str     0x000000da    0x7b787 Application/User/can.o
                              0x7bacf (size before relaxing)
 .debug_str     0x0007b861     0x53a6 Application/User/freertos.o
                              0x807a0 (size before relaxing)
 .debug_str     0x00080c07       0x8a Application/User/gpio.o
                              0x7b29b (size before relaxing)
 .debug_str     0x00080c91      0x21b Application/User/main.o
                              0x80b50 (size before relaxing)
 .debug_str     0x00080eac       0x88 Application/User/stm32f3xx_hal_msp.o
                              0x7b4fc (size before relaxing)
 .debug_str     0x00080f34      0x111 Application/User/stm32f3xx_it.o
                              0x8070b (size before relaxing)
 .debug_str     0x00081045      0x106 Drivers/CMSIS/system_stm32f3xx.o
                              0x7b284 (size before relaxing)
 .debug_str     0x0008114b      0x3fb Drivers/STM32F3xx_HAL_Driver/stm32f3xx_hal.o
                              0x7b8fb (size before relaxing)
 .debug_str     0x00081546      0x3e6 Drivers/STM32F3xx_HAL_Driver/stm32f3xx_hal_can.o
                              0x7ba28 (size before relaxing)
 .debug_str     0x0008192c      0x253 Drivers/STM32F3xx_HAL_Driver/stm32f3xx_hal_cortex.o
                              0x7b88e (size before relaxing)
 .debug_str     0x00081b7f      0x27e Drivers/STM32F3xx_HAL_Driver/stm32f3xx_hal_gpio.o
                              0x7b553 (size before relaxing)
 .debug_str     0x00081dfd      0x2f1 Drivers/STM32F3xx_HAL_Driver/stm32f3xx_hal_rcc.o
                              0x7b6eb (size before relaxing)
 .debug_str     0x000820ee      0xa34 Middlewares/FreeRTOS/cmsis_os.o
                               0xcb6a (size before relaxing)
 .debug_str     0x00082b22      0x3d9 Middlewares/FreeRTOS/heap_4.o
                               0xa53a (size before relaxing)
 .debug_str     0x00082efb      0x181 Middlewares/FreeRTOS/list.o
                               0x9dfa (size before relaxing)
 .debug_str     0x0008307c      0x854 Middlewares/FreeRTOS/port.o
                               0x7d9e (size before relaxing)
 .debug_str     0x000838d0     0x100c Middlewares/FreeRTOS/tasks.o
                               0xbe8d (size before relaxing)

.debug_ranges   0x00000000      0x970
 .debug_ranges  0x00000000       0x20 Application/SW4STM32/startup_stm32f303x8.o
 .debug_ranges  0x00000020       0x40 Application/User/can.o
 .debug_ranges  0x00000060       0x18 Application/User/freertos.o
 .debug_ranges  0x00000078       0x10 Application/User/gpio.o
 .debug_ranges  0x00000088       0x20 Application/User/main.o
 .debug_ranges  0x000000a8       0x10 Application/User/stm32f3xx_hal_msp.o
 .debug_ranges  0x000000b8       0x50 Application/User/stm32f3xx_it.o
 .debug_ranges  0x00000108       0x18 Drivers/CMSIS/system_stm32f3xx.o
 .debug_ranges  0x00000120       0xd0 Drivers/STM32F3xx_HAL_Driver/stm32f3xx_hal.o
 .debug_ranges  0x000001f0      0x128 Drivers/STM32F3xx_HAL_Driver/stm32f3xx_hal_can.o
 .debug_ranges  0x00000318       0xe0 Drivers/STM32F3xx_HAL_Driver/stm32f3xx_hal_cortex.o
 .debug_ranges  0x000003f8       0x48 Drivers/STM32F3xx_HAL_Driver/stm32f3xx_hal_gpio.o
 .debug_ranges  0x00000440       0x98 Drivers/STM32F3xx_HAL_Driver/stm32f3xx_hal_rcc.o
 .debug_ranges  0x000004d8      0x1c8 Middlewares/FreeRTOS/cmsis_os.o
 .debug_ranges  0x000006a0       0x40 Middlewares/FreeRTOS/heap_4.o
 .debug_ranges  0x000006e0       0x30 Middlewares/FreeRTOS/list.o
 .debug_ranges  0x00000710       0x70 Middlewares/FreeRTOS/port.o
 .debug_ranges  0x00000780      0x1f0 Middlewares/FreeRTOS/tasks.o

.debug_loc      0x00000000     0x45e6
 .debug_loc     0x00000000       0x7c Application/User/can.o
 .debug_loc     0x0000007c       0x21 Application/User/freertos.o
 .debug_loc     0x0000009d       0xff Drivers/CMSIS/system_stm32f3xx.o
 .debug_loc     0x0000019c       0xfd Drivers/STM32F3xx_HAL_Driver/stm32f3xx_hal.o
 .debug_loc     0x00000299      0xc41 Drivers/STM32F3xx_HAL_Driver/stm32f3xx_hal_can.o
 .debug_loc     0x00000eda      0x5ad Drivers/STM32F3xx_HAL_Driver/stm32f3xx_hal_cortex.o
 .debug_loc     0x00001487      0x361 Drivers/STM32F3xx_HAL_Driver/stm32f3xx_hal_gpio.o
 .debug_loc     0x000017e8      0x951 Drivers/STM32F3xx_HAL_Driver/stm32f3xx_hal_rcc.o
 .debug_loc     0x00002139      0xee1 Middlewares/FreeRTOS/cmsis_os.o
 .debug_loc     0x0000301a      0x291 Middlewares/FreeRTOS/heap_4.o
 .debug_loc     0x000032ab       0x70 Middlewares/FreeRTOS/list.o
 .debug_loc     0x0000331b       0xdc Middlewares/FreeRTOS/port.o
 .debug_loc     0x000033f7     0x11ef Middlewares/FreeRTOS/tasks.o

.debug_macro    0x00000000    0x193e2
 .debug_macro   0x00000000      0x317 Application/User/can.o
 .debug_macro   0x00000317      0xa60 Application/User/can.o
 .debug_macro   0x00000d77       0x1c Application/User/can.o
 .debug_macro   0x00000d93       0x9f Application/User/can.o
 .debug_macro   0x00000e32       0x2f Application/User/can.o
 .debug_macro   0x00000e61       0x28 Application/User/can.o
 .debug_macro   0x00000e89       0x22 Application/User/can.o
 .debug_macro   0x00000eab       0x87 Application/User/can.o
 .debug_macro   0x00000f32       0x51 Application/User/can.o
 .debug_macro   0x00000f83       0xef Application/User/can.o
 .debug_macro   0x00001072       0x6a Application/User/can.o
 .debug_macro   0x000010dc      0x1df Application/User/can.o
 .debug_macro   0x000012bb       0x35 Application/User/can.o
 .debug_macro   0x000012f0       0x50 Application/User/can.o
 .debug_macro   0x00001340      0xd40 Application/User/can.o
 .debug_macro   0x00002080    0x10bf5 Application/User/can.o
 .debug_macro   0x00012c75       0x43 Application/User/can.o
 .debug_macro   0x00012cb8       0x58 Application/User/can.o
 .debug_macro   0x00012d10       0x17 Application/User/can.o
 .debug_macro   0x00012d27       0x35 Application/User/can.o
 .debug_macro   0x00012d5c       0x9c Application/User/can.o
 .debug_macro   0x00012df8       0x16 Application/User/can.o
 .debug_macro   0x00012e0e       0x97 Application/User/can.o
 .debug_macro   0x00012ea5      0x330 Application/User/can.o
 .debug_macro   0x000131d5       0xfd Application/User/can.o
 .debug_macro   0x000132d2       0x10 Application/User/can.o
 .debug_macro   0x000132e2       0x58 Application/User/can.o
 .debug_macro   0x0001333a       0x1f Application/User/can.o
 .debug_macro   0x00013359       0x43 Application/User/can.o
 .debug_macro   0x0001339c       0x20 Application/User/can.o
 .debug_macro   0x000133bc      0x18e Application/User/can.o
 .debug_macro   0x0001354a       0x10 Application/User/can.o
 .debug_macro   0x0001355a       0x1c Application/User/can.o
 .debug_macro   0x00013576       0x52 Application/User/can.o
 .debug_macro   0x000135c8       0x40 Application/User/can.o
 .debug_macro   0x00013608       0x10 Application/User/can.o
 .debug_macro   0x00013618       0x40 Application/User/can.o
 .debug_macro   0x00013658       0xd7 Application/User/can.o
 .debug_macro   0x0001372f       0x1c Application/User/can.o
 .debug_macro   0x0001374b       0x3d Application/User/can.o
 .debug_macro   0x00013788       0x16 Application/User/can.o
 .debug_macro   0x0001379e      0x16f Application/User/can.o
 .debug_macro   0x0001390d       0x49 Application/User/can.o
 .debug_macro   0x00013956      0x8ff Application/User/can.o
 .debug_macro   0x00014255      0x304 Application/User/can.o
 .debug_macro   0x00014559      0x13a Application/User/can.o
 .debug_macro   0x00014693      0x11b Application/User/can.o
 .debug_macro   0x000147ae      0x1bc Application/User/can.o
 .debug_macro   0x0001496a       0x34 Application/User/can.o
 .debug_macro   0x0001499e       0x3c Application/User/can.o
 .debug_macro   0x000149da       0x57 Application/User/can.o
 .debug_macro   0x00014a31      0x40f Application/User/can.o
 .debug_macro   0x00014e40       0xcb Application/User/can.o
 .debug_macro   0x00014f0b      0x1a0 Application/User/can.o
 .debug_macro   0x000150ab      0x209 Application/User/can.o
 .debug_macro   0x000152b4       0x5b Application/User/can.o
 .debug_macro   0x0001530f       0x90 Application/User/can.o
 .debug_macro   0x0001539f       0x82 Application/User/can.o
 .debug_macro   0x00015421       0xd3 Application/User/can.o
 .debug_macro   0x000154f4      0x28c Application/User/can.o
 .debug_macro   0x00015780      0x3bf Application/User/freertos.o
 .debug_macro   0x00015b3f      0x174 Application/User/freertos.o
 .debug_macro   0x00015cb3       0xd8 Application/User/freertos.o
 .debug_macro   0x00015d8b      0x168 Application/User/freertos.o
 .debug_macro   0x00015ef3       0xe4 Application/User/freertos.o
 .debug_macro   0x00015fd7       0x10 Application/User/freertos.o
 .debug_macro   0x00015fe7       0x1f Application/User/freertos.o
 .debug_macro   0x00016006      0x40f Application/User/freertos.o
 .debug_macro   0x00016415       0xc0 Application/User/freertos.o
 .debug_macro   0x000164d5       0x8c Application/User/freertos.o
 .debug_macro   0x00016561       0x91 Application/User/freertos.o
 .debug_macro   0x000165f2       0x94 Application/User/freertos.o
 .debug_macro   0x00016686       0x63 Application/User/freertos.o
 .debug_macro   0x000166e9       0x19 Application/User/freertos.o
 .debug_macro   0x00016702       0xcf Application/User/freertos.o
 .debug_macro   0x000167d1       0x3b Application/User/freertos.o
 .debug_macro   0x0001680c       0x35 Application/User/freertos.o
 .debug_macro   0x00016841      0x30d Application/User/gpio.o
 .debug_macro   0x00016b4e      0x3cf Application/User/main.o
 .debug_macro   0x00016f1d       0xd8 Application/User/main.o
 .debug_macro   0x00016ff5      0x303 Application/User/stm32f3xx_hal_msp.o
 .debug_macro   0x000172f8      0x3c1 Application/User/stm32f3xx_it.o
 .debug_macro   0x000176b9      0x309 Drivers/CMSIS/system_stm32f3xx.o
 .debug_macro   0x000179c2      0x327 Drivers/STM32F3xx_HAL_Driver/stm32f3xx_hal.o
 .debug_macro   0x00017ce9      0x30b Drivers/STM32F3xx_HAL_Driver/stm32f3xx_hal_can.o
 .debug_macro   0x00017ff4      0x303 Drivers/STM32F3xx_HAL_Driver/stm32f3xx_hal_cortex.o
 .debug_macro   0x000182f7      0x33b Drivers/STM32F3xx_HAL_Driver/stm32f3xx_hal_gpio.o
 .debug_macro   0x00018632      0x327 Drivers/STM32F3xx_HAL_Driver/stm32f3xx_hal_rcc.o
 .debug_macro   0x00018959      0x1ed Middlewares/FreeRTOS/cmsis_os.o
 .debug_macro   0x00018b46       0x52 Middlewares/FreeRTOS/cmsis_os.o
 .debug_macro   0x00018b98       0x8d Middlewares/FreeRTOS/cmsis_os.o
 .debug_macro   0x00018c25       0x57 Middlewares/FreeRTOS/cmsis_os.o
 .debug_macro   0x00018c7c       0x10 Middlewares/FreeRTOS/cmsis_os.o
 .debug_macro   0x00018c8c       0x26 Middlewares/FreeRTOS/cmsis_os.o
 .debug_macro   0x00018cb2      0x1a2 Middlewares/FreeRTOS/heap_4.o
 .debug_macro   0x00018e54      0x17b Middlewares/FreeRTOS/list.o
 .debug_macro   0x00018fcf      0x19e Middlewares/FreeRTOS/port.o
 .debug_macro   0x0001916d      0x264 Middlewares/FreeRTOS/tasks.o
 .debug_macro   0x000193d1       0x11 Middlewares/FreeRTOS/tasks.o

.comment        0x00000000       0x7e
 .comment       0x00000000       0x7e Application/User/can.o
                                 0x7f (size before relaxing)
 .comment       0x0000007e       0x7f Application/User/freertos.o
 .comment       0x0000007e       0x7f Application/User/gpio.o
 .comment       0x0000007e       0x7f Application/User/main.o
 .comment       0x0000007e       0x7f Application/User/stm32f3xx_hal_msp.o
 .comment       0x0000007e       0x7f Application/User/stm32f3xx_it.o
 .comment       0x0000007e       0x7f Drivers/CMSIS/system_stm32f3xx.o
 .comment       0x0000007e       0x7f Drivers/STM32F3xx_HAL_Driver/stm32f3xx_hal.o
 .comment       0x0000007e       0x7f Drivers/STM32F3xx_HAL_Driver/stm32f3xx_hal_can.o
 .comment       0x0000007e       0x7f Drivers/STM32F3xx_HAL_Driver/stm32f3xx_hal_cortex.o
 .comment       0x0000007e       0x7f Drivers/STM32F3xx_HAL_Driver/stm32f3xx_hal_gpio.o
 .comment       0x0000007e       0x7f Drivers/STM32F3xx_HAL_Driver/stm32f3xx_hal_rcc.o
 .comment       0x0000007e       0x7f Middlewares/FreeRTOS/cmsis_os.o
 .comment       0x0000007e       0x7f Middlewares/FreeRTOS/heap_4.o
 .comment       0x0000007e       0x7f Middlewares/FreeRTOS/list.o
 .comment       0x0000007e       0x7f Middlewares/FreeRTOS/port.o
 .comment       0x0000007e       0x7f Middlewares/FreeRTOS/tasks.o

.debug_frame    0x00000000     0x1780
 .debug_frame   0x00000000       0xb8 Application/User/can.o
 .debug_frame   0x000000b8       0x48 Application/User/freertos.o
 .debug_frame   0x00000100       0x30 Application/User/gpio.o
 .debug_frame   0x00000130       0x58 Application/User/main.o
 .debug_frame   0x00000188       0x2c Application/User/stm32f3xx_hal_msp.o
 .debug_frame   0x000001b4       0xb8 Application/User/stm32f3xx_it.o
 .debug_frame   0x0000026c       0x30 Drivers/CMSIS/system_stm32f3xx.o
 .debug_frame   0x0000029c      0x1cc Drivers/STM32F3xx_HAL_Driver/stm32f3xx_hal.o
 .debug_frame   0x00000468      0x2e4 Drivers/STM32F3xx_HAL_Driver/stm32f3xx_hal_can.o
 .debug_frame   0x0000074c      0x12c Drivers/STM32F3xx_HAL_Driver/stm32f3xx_hal_cortex.o
 .debug_frame   0x00000878       0xec Drivers/STM32F3xx_HAL_Driver/stm32f3xx_hal_gpio.o
 .debug_frame   0x00000964      0x17c Drivers/STM32F3xx_HAL_Driver/stm32f3xx_hal_rcc.o
 .debug_frame   0x00000ae0      0x584 Middlewares/FreeRTOS/cmsis_os.o
 .debug_frame   0x00001064       0xac Middlewares/FreeRTOS/heap_4.o
 .debug_frame   0x00001110       0x6c Middlewares/FreeRTOS/list.o
 .debug_frame   0x0000117c       0xf0 Middlewares/FreeRTOS/port.o
 .debug_frame   0x0000126c      0x4e8 Middlewares/FreeRTOS/tasks.o
 .debug_frame   0x00001754       0x2c c:/ac6/systemworkbench/plugins/fr.ac6.mcu.externaltools.arm-none.win32_1.16.0.201807130628/tools/compiler/bin/../lib/gcc/arm-none-eabi/7.2.1/../../../../arm-none-eabi/lib/thumb/v7e-m/fpv4-sp/hard\libc_nano.a(lib_a-init.o)
