Archive member included to satisfy reference by file (symbol)

c:/ac6/systemworkbench/plugins/fr.ac6.mcu.externaltools.arm-none.win32_1.16.0.201807130628/tools/compiler/bin/../lib/gcc/arm-none-eabi/7.2.1/../../../../arm-none-eabi/lib/thumb/v7e-m/fpv4-sp/hard\libc_nano.a(lib_a-exit.o)
                              c:/ac6/systemworkbench/plugins/fr.ac6.mcu.externaltools.arm-none.win32_1.16.0.201807130628/tools/compiler/bin/../lib/gcc/arm-none-eabi/7.2.1/../../../../arm-none-eabi/lib/thumb/v7e-m/fpv4-sp/hard/crt0.o (exit)
c:/ac6/systemworkbench/plugins/fr.ac6.mcu.externaltools.arm-none.win32_1.16.0.201807130628/tools/compiler/bin/../lib/gcc/arm-none-eabi/7.2.1/../../../../arm-none-eabi/lib/thumb/v7e-m/fpv4-sp/hard\libc_nano.a(lib_a-impure.o)
                              c:/ac6/systemworkbench/plugins/fr.ac6.mcu.externaltools.arm-none.win32_1.16.0.201807130628/tools/compiler/bin/../lib/gcc/arm-none-eabi/7.2.1/../../../../arm-none-eabi/lib/thumb/v7e-m/fpv4-sp/hard\libc_nano.a(lib_a-exit.o) (_global_impure_ptr)
c:/ac6/systemworkbench/plugins/fr.ac6.mcu.externaltools.arm-none.win32_1.16.0.201807130628/tools/compiler/bin/../lib/gcc/arm-none-eabi/7.2.1/../../../../arm-none-eabi/lib/thumb/v7e-m/fpv4-sp/hard\libc_nano.a(lib_a-init.o)
                              c:/ac6/systemworkbench/plugins/fr.ac6.mcu.externaltools.arm-none.win32_1.16.0.201807130628/tools/compiler/bin/../lib/gcc/arm-none-eabi/7.2.1/../../../../arm-none-eabi/lib/thumb/v7e-m/fpv4-sp/hard/crt0.o (__libc_init_array)
c:/ac6/systemworkbench/plugins/fr.ac6.mcu.externaltools.arm-none.win32_1.16.0.201807130628/tools/compiler/bin/../lib/gcc/arm-none-eabi/7.2.1/../../../../arm-none-eabi/lib/thumb/v7e-m/fpv4-sp/hard\libc_nano.a(lib_a-memcpy-stub.o)
                              Middlewares/FreeRTOS/queue.o (memcpy)
c:/ac6/systemworkbench/plugins/fr.ac6.mcu.externaltools.arm-none.win32_1.16.0.201807130628/tools/compiler/bin/../lib/gcc/arm-none-eabi/7.2.1/../../../../arm-none-eabi/lib/thumb/v7e-m/fpv4-sp/hard\libc_nano.a(lib_a-memset.o)
                              c:/ac6/systemworkbench/plugins/fr.ac6.mcu.externaltools.arm-none.win32_1.16.0.201807130628/tools/compiler/bin/../lib/gcc/arm-none-eabi/7.2.1/../../../../arm-none-eabi/lib/thumb/v7e-m/fpv4-sp/hard/crt0.o (memset)
c:/ac6/systemworkbench/plugins/fr.ac6.mcu.externaltools.arm-none.win32_1.16.0.201807130628/tools/compiler/bin/../lib/gcc/arm-none-eabi/7.2.1/../../../../arm-none-eabi/lib/thumb/v7e-m/fpv4-sp/hard\libnosys.a(_exit.o)
                              c:/ac6/systemworkbench/plugins/fr.ac6.mcu.externaltools.arm-none.win32_1.16.0.201807130628/tools/compiler/bin/../lib/gcc/arm-none-eabi/7.2.1/../../../../arm-none-eabi/lib/thumb/v7e-m/fpv4-sp/hard\libc_nano.a(lib_a-exit.o) (_exit)

Allocating common symbols
Common symbol       size              file

sFilterConfig       0x28              Application/User/can.o
defaultTaskHandle   0x4               Application/User/freertos.o
hcan                0x28              Application/User/can.o
uwTick              0x4               Drivers/STM32F3xx_HAL_Driver/stm32f3xx_hal.o
xQueueRegistry      0x40              Middlewares/FreeRTOS/queue.o
pFlash              0x20              Drivers/STM32F3xx_HAL_Driver/stm32f3xx_hal_flash.o
TaskGetCanHandle    0x4               Application/User/freertos.o
TaskSendCanHandle   0x4               Application/User/freertos.o
TxData              0x8               Application/User/can.o
TxMailbox           0x4               Application/User/can.o
RxData              0x8               Application/User/can.o
TxHeader            0x18              Application/User/can.o
RxHeader            0x1c              Application/User/can.o

Discarded input sections

 .text          0x00000000        0x0 c:/ac6/systemworkbench/plugins/fr.ac6.mcu.externaltools.arm-none.win32_1.16.0.201807130628/tools/compiler/bin/../lib/gcc/arm-none-eabi/7.2.1/thumb/v7e-m/fpv4-sp/hard/crti.o
 .data          0x00000000        0x0 c:/ac6/systemworkbench/plugins/fr.ac6.mcu.externaltools.arm-none.win32_1.16.0.201807130628/tools/compiler/bin/../lib/gcc/arm-none-eabi/7.2.1/thumb/v7e-m/fpv4-sp/hard/crti.o
 .bss           0x00000000        0x0 c:/ac6/systemworkbench/plugins/fr.ac6.mcu.externaltools.arm-none.win32_1.16.0.201807130628/tools/compiler/bin/../lib/gcc/arm-none-eabi/7.2.1/thumb/v7e-m/fpv4-sp/hard/crti.o
 .data          0x00000000        0x4 c:/ac6/systemworkbench/plugins/fr.ac6.mcu.externaltools.arm-none.win32_1.16.0.201807130628/tools/compiler/bin/../lib/gcc/arm-none-eabi/7.2.1/thumb/v7e-m/fpv4-sp/hard/crtbegin.o
 .text          0x00000000       0x74 c:/ac6/systemworkbench/plugins/fr.ac6.mcu.externaltools.arm-none.win32_1.16.0.201807130628/tools/compiler/bin/../lib/gcc/arm-none-eabi/7.2.1/../../../../arm-none-eabi/lib/thumb/v7e-m/fpv4-sp/hard/crt0.o
[...]
Memory Configuration

Name             Origin             Length             Attributes
RAM              0x20000000         0x00003000         xrw
CCMRAM           0x10000000         0x00001000         rw
FLASH            0x08000000         0x00010000         xr
*default*        0x00000000         0xffffffff

Linker script and memory map

LOAD c:/ac6/systemworkbench/plugins/fr.ac6.mcu.externaltools.arm-none.win32_1.16.0.201807130628/tools/compiler/bin/../lib/gcc/arm-none-eabi/7.2.1/thumb/v7e-m/fpv4-sp/hard/crti.o
LOAD c:/ac6/systemworkbench/plugins/fr.ac6.mcu.externaltools.arm-none.win32_1.16.0.201807130628/tools/compiler/bin/../lib/gcc/arm-none-eabi/7.2.1/thumb/v7e-m/fpv4-sp/hard/crtbegin.o
LOAD c:/ac6/systemworkbench/plugins/fr.ac6.mcu.externaltools.arm-none.win32_1.16.0.201807130628/tools/compiler/bin/../lib/gcc/arm-none-eabi/7.2.1/../../../../arm-none-eabi/lib/thumb/v7e-m/fpv4-sp/hard/crt0.o
LOAD Application/SW4STM32/startup_stm32f303x8.o
LOAD Application/User/can.o
LOAD Application/User/freertos.o
LOAD Application/User/gpio.o
LOAD Application/User/main.o
LOAD Application/User/stm32f3xx_hal_msp.o
LOAD Application/User/stm32f3xx_it.o
LOAD Drivers/CMSIS/system_stm32f3xx.o
LOAD Drivers/STM32F3xx_HAL_Driver/stm32f3xx_hal.o
LOAD Drivers/STM32F3xx_HAL_Driver/stm32f3xx_hal_can.o
LOAD Drivers/STM32F3xx_HAL_Driver/stm32f3xx_hal_cortex.o
LOAD Drivers/STM32F3xx_HAL_Driver/stm32f3xx_hal_dma.o
LOAD Drivers/STM32F3xx_HAL_Driver/stm32f3xx_hal_flash.o
LOAD Drivers/STM32F3xx_HAL_Driver/stm32f3xx_hal_flash_ex.o
LOAD Drivers/STM32F3xx_HAL_Driver/stm32f3xx_hal_gpio.o
LOAD Drivers/STM32F3xx_HAL_Driver/stm32f3xx_hal_i2c.o
LOAD Drivers/STM32F3xx_HAL_Driver/stm32f3xx_hal_i2c_ex.o
LOAD Drivers/STM32F3xx_HAL_Driver/stm32f3xx_hal_pwr.o
LOAD Drivers/STM32F3xx_HAL_Driver/stm32f3xx_hal_pwr_ex.o
LOAD Drivers/STM32F3xx_HAL_Driver/stm32f3xx_hal_rcc.o
LOAD Drivers/STM32F3xx_HAL_Driver/stm32f3xx_hal_rcc_ex.o
LOAD Drivers/STM32F3xx_HAL_Driver/stm32f3xx_hal_tim.o
LOAD Drivers/STM32F3xx_HAL_Driver/stm32f3xx_hal_tim_ex.o
LOAD Middlewares/FreeRTOS/cmsis_os.o
LOAD Middlewares/FreeRTOS/croutine.o
LOAD Middlewares/FreeRTOS/event_groups.o
LOAD Middlewares/FreeRTOS/heap_4.o
LOAD Middlewares/FreeRTOS/list.o
LOAD Middlewares/FreeRTOS/port.o
LOAD Middlewares/FreeRTOS/queue.o
LOAD Middlewares/FreeRTOS/tasks.o
LOAD Middlewares/FreeRTOS/timers.o
LOAD c:/ac6/systemworkbench/plugins/fr.ac6.mcu.externaltools.arm-none.win32_1.16.0.201807130628/tools/compiler/bin/../lib/gcc/arm-none-eabi/7.2.1/../../../../arm-none-eabi/lib/thumb/v7e-m/fpv4-sp/hard\libm.a
START GROUP
LOAD c:/ac6/systemworkbench/plugins/fr.ac6.mcu.externaltools.arm-none.win32_1.16.0.201807130628/tools/compiler/bin/../lib/gcc/arm-none-eabi/7.2.1/thumb/v7e-m/fpv4-sp/hard\libgcc.a
LOAD c:/ac6/systemworkbench/plugins/fr.ac6.mcu.externaltools.arm-none.win32_1.16.0.201807130628/tools/compiler/bin/../lib/gcc/arm-none-eabi/7.2.1/../../../../arm-none-eabi/lib/thumb/v7e-m/fpv4-sp/hard\libc_nano.a
END GROUP
START GROUP
LOAD c:/ac6/systemworkbench/plugins/fr.ac6.mcu.externaltools.arm-none.win32_1.16.0.201807130628/tools/compiler/bin/../lib/gcc/arm-none-eabi/7.2.1/thumb/v7e-m/fpv4-sp/hard\libgcc.a
LOAD c:/ac6/systemworkbench/plugins/fr.ac6.mcu.externaltools.arm-none.win32_1.16.0.201807130628/tools/compiler/bin/../lib/gcc/arm-none-eabi/7.2.1/../../../../arm-none-eabi/lib/thumb/v7e-m/fpv4-sp/hard\libc_nano.a
LOAD c:/ac6/systemworkbench/plugins/fr.ac6.mcu.externaltools.arm-none.win32_1.16.0.201807130628/tools/compiler/bin/../lib/gcc/arm-none-eabi/7.2.1/../../../../arm-none-eabi/lib/thumb/v7e-m/fpv4-sp/hard\libnosys.a
END GROUP
START GROUP
LOAD c:/ac6/systemworkbench/plugins/fr.ac6.mcu.externaltools.arm-none.win32_1.16.0.201807130628/tools/compiler/bin/../lib/gcc/arm-none-eabi/7.2.1/thumb/v7e-m/fpv4-sp/hard\libgcc.a
LOAD c:/ac6/systemworkbench/plugins/fr.ac6.mcu.externaltools.arm-none.win32_1.16.0.201807130628/tools/compiler/bin/../lib/gcc/arm-none-eabi/7.2.1/../../../../arm-none-eabi/lib/thumb/v7e-m/fpv4-sp/hard\libc_nano.a
LOAD c:/ac6/systemworkbench/plugins/fr.ac6.mcu.externaltools.arm-none.win32_1.16.0.201807130628/tools/compiler/bin/../lib/gcc/arm-none-eabi/7.2.1/../../../../arm-none-eabi/lib/thumb/v7e-m/fpv4-sp/hard\libnosys.a
END GROUP
LOAD c:/ac6/systemworkbench/plugins/fr.ac6.mcu.externaltools.arm-none.win32_1.16.0.201807130628/tools/compiler/bin/../lib/gcc/arm-none-eabi/7.2.1/thumb/v7e-m/fpv4-sp/hard/crtend.o
LOAD c:/ac6/systemworkbench/plugins/fr.ac6.mcu.externaltools.arm-none.win32_1.16.0.201807130628/tools/compiler/bin/../lib/gcc/arm-none-eabi/7.2.1/thumb/v7e-m/fpv4-sp/hard/crtn.o
                0x20003000                _estack = 0x20003000
                0x00000200                _Min_Heap_Size = 0x200
                0x00000400                _Min_Stack_Size = 0x400

.isr_vector     0x08000000      0x188
                0x08000000                . = ALIGN (0x4)
 *(.isr_vector)
 .isr_vector    0x08000000      0x188 Application/SW4STM32/startup_stm32f303x8.o
                0x08000000                g_pfnVectors
                0x08000188                . = ALIGN (0x4)

.text           0x08000190     0x2658
                0x08000190                . = ALIGN (0x4)
 *(.text)
 .text          0x08000190       0x40 c:/ac6/systemworkbench/plugins/fr.ac6.mcu.externaltools.arm-none.win32_1.16.0.201807130628/tools/compiler/bin/../lib/gcc/arm-none-eabi/7.2.1/thumb/v7e-m/fpv4-sp/hard/crtbegin.o
 *(.text*)
 .text.Reset_Handler
                0x080001d0       0x50 Application/SW4STM32/startup_stm32f303x8.o
                0x080001d0                Reset_Handler
 .text.Default_Handler
                0x08000220        0x2 Application/SW4STM32/startup_stm32f303x8.o
                0x08000220                RTC_Alarm_IRQHandler
                0x08000220                TIM1_CC_IRQHandler
                0x08000220                PVD_IRQHandler
                0x08000220                TAMP_STAMP_IRQHandler
                0x08000220                EXTI3_IRQHandler
                0x08000220                EXTI0_IRQHandler
                0x08000220                FPU_IRQHandler
                0x08000220                TIM1_UP_TIM16_IRQHandler
                0x08000220                ADC1_2_IRQHandler
                0x08000220                SPI1_IRQHandler
                0x08000220                CAN_SCE_IRQHandler
                0x08000220                DMA1_Channel4_IRQHandler
                0x08000220                USART3_IRQHandler
                0x08000220                DMA1_Channel7_IRQHandler
                0x08000220                TIM7_DAC2_IRQHandler
                0x08000220                CAN_RX1_IRQHandler
                0x08000220                I2C1_EV_IRQHandler
                0x08000220                DMA1_Channel6_IRQHandler
                0x08000220                TIM3_IRQHandler
                0x08000220                RCC_IRQHandler
                0x08000220                DMA1_Channel1_IRQHandler
                0x08000220                Default_Handler
                0x08000220                EXTI15_10_IRQHandler
                0x08000220                COMP2_IRQHandler
                0x08000220                TIM6_DAC1_IRQHandler
                0x08000220                EXTI9_5_IRQHandler
                0x08000220                RTC_WKUP_IRQHandler
                0x08000220                DMA1_Channel5_IRQHandler
                0x08000220                EXTI4_IRQHandler
                0x08000220                TIM1_TRG_COM_TIM17_IRQHandler
                0x08000220                DMA1_Channel3_IRQHandler
                0x08000220                WWDG_IRQHandler
                0x08000220                TIM2_IRQHandler
                0x08000220                EXTI1_IRQHandler
                0x08000220                COMP4_6_IRQHandler
                0x08000220                USART2_IRQHandler
                0x08000220                DMA1_Channel2_IRQHandler
                0x08000220                FLASH_IRQHandler
                0x08000220                USART1_IRQHandler
                0x08000220                I2C1_ER_IRQHandler
                0x08000220                EXTI2_TSC_IRQHandler
                0x08000220                TIM1_BRK_TIM15_IRQHandler
 *fill*         0x08000222        0x2 
 .text.MX_CAN_Init
                0x08000224       0x48 Application/User/can.o
                0x08000224                MX_CAN_Init
 .text.HAL_CAN_MspInit
                0x0800026c       0x6c Application/User/can.o
                0x0800026c                HAL_CAN_MspInit
 .text.HAL_CAN_TxMailbox0CompleteCallback
                0x080002d8        0x2 Application/User/can.o
                0x080002d8                HAL_CAN_TxMailbox0CompleteCallback
 *fill*         0x080002da        0x2 
 .text.HAL_CAN_RxFifo0MsgPendingCallback
                0x080002dc       0x20 Application/User/can.o
                0x080002dc                HAL_CAN_RxFifo0MsgPendingCallback
 .text.JDO_SendCan
                0x080002fc       0x28 Application/User/can.o
                0x080002fc                JDO_SendCan
 .text.JDO_GetCan
                0x08000324      0x11c Application/User/can.o
                0x08000324                JDO_GetCan
 .text.JDO_CanInit
                0x08000440       0xac Application/User/can.o
                0x08000440                JDO_CanInit
 .text.StartDefaultTask
                0x080004ec        0x2 Application/User/freertos.o
                0x080004ec                StartDefaultTask
 .text.TaskSend
                0x080004ee       0x10 Application/User/freertos.o
                0x080004ee                TaskSend
 *fill*         0x080004fe        0x2 
 .text.TaskGet  0x08000500       0x24 Application/User/freertos.o
                0x08000500                TaskGet
 .text.MX_FREERTOS_Init
                0x08000524       0x64 Application/User/freertos.o
                0x08000524                MX_FREERTOS_Init
 .text.newCanMessage
                0x08000588        0xc Application/User/freertos.o
                0x08000588                newCanMessage
 .text.MX_GPIO_Init
                0x08000594       0xe4 Application/User/gpio.o
                0x08000594                MX_GPIO_Init
 .text._Error_Handler
                0x08000678        0x2 Application/User/main.o
                0x08000678                _Error_Handler
 *fill*         0x0800067a        0x2 
 .text.SystemClock_Config
                0x0800067c       0x74 Application/User/main.o
                0x0800067c                SystemClock_Config
 .text.main     0x080006f0       0x20 Application/User/main.o
                0x080006f0                main
 .text.HAL_MspInit
                0x08000710       0x90 Application/User/stm32f3xx_hal_msp.o
                0x08000710                HAL_MspInit
 .text.NMI_Handler
                0x080007a0        0x2 Application/User/stm32f3xx_it.o
                0x080007a0                NMI_Handler
 .text.HardFault_Handler
                0x080007a2        0x2 Application/User/stm32f3xx_it.o
                0x080007a2                HardFault_Handler
 .text.MemManage_Handler
                0x080007a4        0x2 Application/User/stm32f3xx_it.o
                0x080007a4                MemManage_Handler
 .text.BusFault_Handler
                0x080007a6        0x2 Application/User/stm32f3xx_it.o
                0x080007a6                BusFault_Handler
 .text.UsageFault_Handler
                0x080007a8        0x2 Application/User/stm32f3xx_it.o
                0x080007a8                UsageFault_Handler
 .text.DebugMon_Handler
                0x080007aa        0x2 Application/User/stm32f3xx_it.o
                0x080007aa                DebugMon_Handler
 .text.SysTick_Handler
                0x080007ac        0xc Application/User/stm32f3xx_it.o
                0x080007ac                SysTick_Handler
 .text.CAN_TX_IRQHandler
                0x080007b8       0x10 Application/User/stm32f3xx_it.o
                0x080007b8                CAN_TX_IRQHandler
 .text.CAN_RX0_IRQHandler
                0x080007c8       0x10 Application/User/stm32f3xx_it.o
                0x080007c8                CAN_RX0_IRQHandler
 .text.SystemInit
                0x080007d8       0x68 Drivers/CMSIS/system_stm32f3xx.o
                0x080007d8                SystemInit
 .text.HAL_InitTick
                0x08000840       0x48 Drivers/STM32F3xx_HAL_Driver/stm32f3xx_hal.o
                0x08000840                HAL_InitTick
 .text.HAL_Init
                0x08000888       0x24 Drivers/STM32F3xx_HAL_Driver/stm32f3xx_hal.o
                0x08000888                HAL_Init
 .text.HAL_IncTick
                0x080008ac       0x18 Drivers/STM32F3xx_HAL_Driver/stm32f3xx_hal.o
                0x080008ac                HAL_IncTick
 .text.HAL_GetTick
                0x080008c4        0xc Drivers/STM32F3xx_HAL_Driver/stm32f3xx_hal.o
                0x080008c4                HAL_GetTick
 .text.HAL_CAN_Init
                0x080008d0      0x14c Drivers/STM32F3xx_HAL_Driver/stm32f3xx_hal_can.o
                0x080008d0                HAL_CAN_Init
 .text.HAL_CAN_ConfigFilter
                0x08000a1c       0xfc Drivers/STM32F3xx_HAL_Driver/stm32f3xx_hal_can.o
                0x08000a1c                HAL_CAN_ConfigFilter
 .text.HAL_CAN_Start
                0x08000b18       0x5c Drivers/STM32F3xx_HAL_Driver/stm32f3xx_hal_can.o
                0x08000b18                HAL_CAN_Start
 .text.HAL_CAN_AddTxMessage
                0x08000b74       0xea Drivers/STM32F3xx_HAL_Driver/stm32f3xx_hal_can.o
                0x08000b74                HAL_CAN_AddTxMessage
 .text.HAL_CAN_GetRxMessage
                0x08000c5e      0x134 Drivers/STM32F3xx_HAL_Driver/stm32f3xx_hal_can.o
                0x08000c5e                HAL_CAN_GetRxMessage
 .text.HAL_CAN_ActivateNotification
                0x08000d92       0x24 Drivers/STM32F3xx_HAL_Driver/stm32f3xx_hal_can.o
                0x08000d92                HAL_CAN_ActivateNotification
 .text.HAL_CAN_TxMailbox1CompleteCallback
                0x08000db6        0x2 Drivers/STM32F3xx_HAL_Driver/stm32f3xx_hal_can.o
                0x08000db6                HAL_CAN_TxMailbox1CompleteCallback
 .text.HAL_CAN_TxMailbox2CompleteCallback
                0x08000db8        0x2 Drivers/STM32F3xx_HAL_Driver/stm32f3xx_hal_can.o
                0x08000db8                HAL_CAN_TxMailbox2CompleteCallback
 .text.HAL_CAN_TxMailbox0AbortCallback
                0x08000dba        0x2 Drivers/STM32F3xx_HAL_Driver/stm32f3xx_hal_can.o
                0x08000dba                HAL_CAN_TxMailbox0AbortCallback
 .text.HAL_CAN_TxMailbox1AbortCallback
                0x08000dbc        0x2 Drivers/STM32F3xx_HAL_Driver/stm32f3xx_hal_can.o
                0x08000dbc                HAL_CAN_TxMailbox1AbortCallback
 .text.HAL_CAN_TxMailbox2AbortCallback
                0x08000dbe        0x2 Drivers/STM32F3xx_HAL_Driver/stm32f3xx_hal_can.o
                0x08000dbe                HAL_CAN_TxMailbox2AbortCallback
 .text.HAL_CAN_RxFifo0FullCallback
                0x08000dc0        0x2 Drivers/STM32F3xx_HAL_Driver/stm32f3xx_hal_can.o
                0x08000dc0                HAL_CAN_RxFifo0FullCallback
 .text.HAL_CAN_RxFifo1MsgPendingCallback
                0x08000dc2        0x2 Drivers/STM32F3xx_HAL_Driver/stm32f3xx_hal_can.o
                0x08000dc2                HAL_CAN_RxFifo1MsgPendingCallback
 .text.HAL_CAN_RxFifo1FullCallback
                0x08000dc4        0x2 Drivers/STM32F3xx_HAL_Driver/stm32f3xx_hal_can.o
                0x08000dc4                HAL_CAN_RxFifo1FullCallback
 .text.HAL_CAN_SleepCallback
                0x08000dc6        0x2 Drivers/STM32F3xx_HAL_Driver/stm32f3xx_hal_can.o
                0x08000dc6                HAL_CAN_SleepCallback
 .text.HAL_CAN_WakeUpFromRxMsgCallback
                0x08000dc8        0x2 Drivers/STM32F3xx_HAL_Driver/stm32f3xx_hal_can.o
                0x08000dc8                HAL_CAN_WakeUpFromRxMsgCallback
 .text.HAL_CAN_ErrorCallback
                0x08000dca        0x2 Drivers/STM32F3xx_HAL_Driver/stm32f3xx_hal_can.o
                0x08000dca                HAL_CAN_ErrorCallback
 .text.HAL_CAN_IRQHandler
                0x08000dcc      0x258 Drivers/STM32F3xx_HAL_Driver/stm32f3xx_hal_can.o
                0x08000dcc                HAL_CAN_IRQHandler
 .text.HAL_NVIC_SetPriorityGrouping
                0x08001024       0x24 Drivers/STM32F3xx_HAL_Driver/stm32f3xx_hal_cortex.o
                0x08001024                HAL_NVIC_SetPriorityGrouping
 .text.HAL_NVIC_SetPriority
                0x08001048       0x68 Drivers/STM32F3xx_HAL_Driver/stm32f3xx_hal_cortex.o
                0x08001048                HAL_NVIC_SetPriority
 .text.HAL_NVIC_EnableIRQ
                0x080010b0       0x18 Drivers/STM32F3xx_HAL_Driver/stm32f3xx_hal_cortex.o
                0x080010b0                HAL_NVIC_EnableIRQ
 .text.HAL_SYSTICK_Config
                0x080010c8       0x2c Drivers/STM32F3xx_HAL_Driver/stm32f3xx_hal_cortex.o
                0x080010c8                HAL_SYSTICK_Config
 .text.HAL_SYSTICK_CLKSourceConfig
                0x080010f4       0x20 Drivers/STM32F3xx_HAL_Driver/stm32f3xx_hal_cortex.o
                0x080010f4                HAL_SYSTICK_CLKSourceConfig
 .text.HAL_GPIO_Init
                0x08001114      0x188 Drivers/STM32F3xx_HAL_Driver/stm32f3xx_hal_gpio.o
                0x08001114                HAL_GPIO_Init
 .text.HAL_GPIO_WritePin
                0x0800129c        0xa Drivers/STM32F3xx_HAL_Driver/stm32f3xx_hal_gpio.o
                0x0800129c                HAL_GPIO_WritePin
 .text.HAL_GPIO_TogglePin
                0x080012a6        0x8 Drivers/STM32F3xx_HAL_Driver/stm32f3xx_hal_gpio.o
                0x080012a6                HAL_GPIO_TogglePin
 *fill*         0x080012ae        0x2 
 .text.HAL_RCC_OscConfig
                0x080012b0      0x618 Drivers/STM32F3xx_HAL_Driver/stm32f3xx_hal_rcc.o
                0x080012b0                HAL_RCC_OscConfig
 .text.HAL_RCC_GetSysClockFreq
                0x080018c8       0x70 Drivers/STM32F3xx_HAL_Driver/stm32f3xx_hal_rcc.o
                0x080018c8                HAL_RCC_GetSysClockFreq
 .text.HAL_RCC_ClockConfig
                0x08001938      0x1a0 Drivers/STM32F3xx_HAL_Driver/stm32f3xx_hal_rcc.o
                0x08001938                HAL_RCC_ClockConfig
 .text.HAL_RCC_GetHCLKFreq
                0x08001ad8        0xc Drivers/STM32F3xx_HAL_Driver/stm32f3xx_hal_rcc.o
                0x08001ad8                HAL_RCC_GetHCLKFreq
 .text.makeFreeRtosPriority
                0x08001ae4        0xc Middlewares/FreeRTOS/cmsis_os.o
 .text.osKernelStart
                0x08001af0        0xa Middlewares/FreeRTOS/cmsis_os.o
                0x08001af0                osKernelStart
 .text.osThreadCreate
                0x08001afa       0x34 Middlewares/FreeRTOS/cmsis_os.o
                0x08001afa                osThreadCreate
 .text.osDelay  0x08001b2e       0x12 Middlewares/FreeRTOS/cmsis_os.o
                0x08001b2e                osDelay
 .text.osSystickHandler
                0x08001b40       0x10 Middlewares/FreeRTOS/cmsis_os.o
                0x08001b40                osSystickHandler
 .text.prvHeapInit
                0x08001b50       0x54 Middlewares/FreeRTOS/heap_4.o
 .text.prvInsertBlockIntoFreeList
                0x08001ba4       0x58 Middlewares/FreeRTOS/heap_4.o
 .text.pvPortMalloc
                0x08001bfc      0x10c Middlewares/FreeRTOS/heap_4.o
                0x08001bfc                pvPortMalloc
 .text.vPortFree
                0x08001d08       0x70 Middlewares/FreeRTOS/heap_4.o
                0x08001d08                vPortFree
 .text.vListInitialise
                0x08001d78       0x16 Middlewares/FreeRTOS/list.o
                0x08001d78                vListInitialise
 .text.vListInitialiseItem
                0x08001d8e        0x6 Middlewares/FreeRTOS/list.o
                0x08001d8e                vListInitialiseItem
 .text.vListInsertEnd
                0x08001d94       0x18 Middlewares/FreeRTOS/list.o
                0x08001d94                vListInsertEnd
 .text.vListInsert
                0x08001dac       0x34 Middlewares/FreeRTOS/list.o
                0x08001dac                vListInsert
 .text.uxListRemove
                0x08001de0       0x26 Middlewares/FreeRTOS/list.o
                0x08001de0                uxListRemove
 *fill*         0x08001e06        0x2 
 .text.prvTaskExitError
                0x08001e08       0x34 Middlewares/FreeRTOS/port.o
 .text.prvPortStartFirstTask
                0x08001e3c       0x20 Middlewares/FreeRTOS/port.o
 .text.vPortEnableVFP
                0x08001e5c       0x14 Middlewares/FreeRTOS/port.o
 .text.pxPortInitialiseStack
                0x08001e70       0x2c Middlewares/FreeRTOS/port.o
                0x08001e70                pxPortInitialiseStack
 *fill*         0x08001e9c        0x4 
 .text.SVC_Handler
                0x08001ea0       0x24 Middlewares/FreeRTOS/port.o
                0x08001ea0                SVC_Handler
 .text.vPortEnterCritical
                0x08001ec4       0x44 Middlewares/FreeRTOS/port.o
                0x08001ec4                vPortEnterCritical
 .text.vPortExitCritical
                0x08001f08       0x2c Middlewares/FreeRTOS/port.o
                0x08001f08                vPortExitCritical
 *fill*         0x08001f34        0xc 
 .text.PendSV_Handler
                0x08001f40       0x64 Middlewares/FreeRTOS/port.o
                0x08001f40                PendSV_Handler
 .text.xPortSysTickHandler
                0x08001fa4       0x2c Middlewares/FreeRTOS/port.o
                0x08001fa4                xPortSysTickHandler
 .text.vPortSetupTimerInterrupt
                0x08001fd0       0x2c Middlewares/FreeRTOS/port.o
                0x08001fd0                vPortSetupTimerInterrupt
 .text.xPortStartScheduler
                0x08001ffc       0xe8 Middlewares/FreeRTOS/port.o
                0x08001ffc                xPortStartScheduler
 .text.prvResetNextTaskUnblockTime
                0x080020e4       0x24 Middlewares/FreeRTOS/tasks.o
 .text.prvDeleteTCB
                0x08002108       0x12 Middlewares/FreeRTOS/tasks.o
 .text.prvInitialiseNewTask
                0x0800211a       0x80 Middlewares/FreeRTOS/tasks.o
 *fill*         0x0800219a        0x2 
 .text.prvInitialiseTaskLists
                0x0800219c       0x58 Middlewares/FreeRTOS/tasks.o
 .text.prvAddNewTaskToReadyList
                0x080021f4       0xac Middlewares/FreeRTOS/tasks.o
 .text.prvAddCurrentTaskToDelayedList
                0x080022a0       0x88 Middlewares/FreeRTOS/tasks.o
 .text.xTaskCreate
                0x08002328       0x62 Middlewares/FreeRTOS/tasks.o
                0x08002328                xTaskCreate
 *fill*         0x0800238a        0x2 
 .text.vTaskStartScheduler
                0x0800238c       0x74 Middlewares/FreeRTOS/tasks.o
                0x0800238c                vTaskStartScheduler
 .text.vTaskSuspendAll
                0x08002400       0x14 Middlewares/FreeRTOS/tasks.o
                0x08002400                vTaskSuspendAll
 .text.xTaskIncrementTick
                0x08002414      0x10c Middlewares/FreeRTOS/tasks.o
                0x08002414                xTaskIncrementTick
 .text.xTaskResumeAll
                0x08002520       0xf0 Middlewares/FreeRTOS/tasks.o
                0x08002520                xTaskResumeAll
 .text.vTaskDelay
                0x08002610       0x4c Middlewares/FreeRTOS/tasks.o
                0x08002610                vTaskDelay
 .text.prvCheckTasksWaitingTermination
                0x0800265c       0x54 Middlewares/FreeRTOS/tasks.o
 .text.prvIdleTask
                0x080026b0       0x28 Middlewares/FreeRTOS/tasks.o
 .text.vTaskSwitchContext
                0x080026d8       0x90 Middlewares/FreeRTOS/tasks.o
                0x080026d8                vTaskSwitchContext
 .text.xTaskGetSchedulerState
                0x08002768       0x20 Middlewares/FreeRTOS/tasks.o
                0x08002768                xTaskGetSchedulerState
 .text.__libc_init_array
                0x08002788       0x48 c:/ac6/systemworkbench/plugins/fr.ac6.mcu.externaltools.arm-none.win32_1.16.0.201807130628/tools/compiler/bin/../lib/gcc/arm-none-eabi/7.2.1/../../../../arm-none-eabi/lib/thumb/v7e-m/fpv4-sp/hard\libc_nano.a(lib_a-init.o)
                0x08002788                __libc_init_array
 *(.glue_7)
 .glue_7        0x080027d0        0x0 linker stubs
 *(.glue_7t)
 .glue_7t       0x080027d0        0x0 linker stubs
 *(.eh_frame)
 .eh_frame      0x080027d0        0x0 c:/ac6/systemworkbench/plugins/fr.ac6.mcu.externaltools.arm-none.win32_1.16.0.201807130628/tools/compiler/bin/../lib/gcc/arm-none-eabi/7.2.1/thumb/v7e-m/fpv4-sp/hard/crtbegin.o
 *(.init)
 .init          0x080027d0        0x4 c:/ac6/systemworkbench/plugins/fr.ac6.mcu.externaltools.arm-none.win32_1.16.0.201807130628/tools/compiler/bin/../lib/gcc/arm-none-eabi/7.2.1/thumb/v7e-m/fpv4-sp/hard/crti.o
                0x080027d0                _init
 .init          0x080027d4        0x8 c:/ac6/systemworkbench/plugins/fr.ac6.mcu.externaltools.arm-none.win32_1.16.0.201807130628/tools/compiler/bin/../lib/gcc/arm-none-eabi/7.2.1/thumb/v7e-m/fpv4-sp/hard/crtn.o
 *(.fini)
 .fini          0x080027dc        0x4 c:/ac6/systemworkbench/plugins/fr.ac6.mcu.externaltools.arm-none.win32_1.16.0.201807130628/tools/compiler/bin/../lib/gcc/arm-none-eabi/7.2.1/thumb/v7e-m/fpv4-sp/hard/crti.o
                0x080027dc                _fini
 .fini          0x080027e0        0x8 c:/ac6/systemworkbench/plugins/fr.ac6.mcu.externaltools.arm-none.win32_1.16.0.201807130628/tools/compiler/bin/../lib/gcc/arm-none-eabi/7.2.1/thumb/v7e-m/fpv4-sp/hard/crtn.o
                0x080027e8                . = ALIGN (0x4)
                0x080027e8                _etext = .

.vfp11_veneer   0x080027e8        0x0
 .vfp11_veneer  0x080027e8        0x0 linker stubs

.v4_bx          0x080027e8        0x0
 .v4_bx         0x080027e8        0x0 linker stubs

.iplt           0x080027e8        0x0
 .iplt          0x080027e8        0x0 c:/ac6/systemworkbench/plugins/fr.ac6.mcu.externaltools.arm-none.win32_1.16.0.201807130628/tools/compiler/bin/../lib/gcc/arm-none-eabi/7.2.1/thumb/v7e-m/fpv4-sp/hard/crtbegin.o

.rodata         0x080027e8      0x140
                0x080027e8                . = ALIGN (0x4)
 *(.rodata)
 .rodata        0x080027e8       0x3c Application/User/freertos.o
 .rodata        0x08002824       0x18 Drivers/CMSIS/system_stm32f3xx.o
                0x08002824                AHBPrescTable
                0x08002834                APBPrescTable
 .rodata        0x0800283c       0x20 Drivers/STM32F3xx_HAL_Driver/stm32f3xx_hal_rcc.o
                0x0800283c                aPLLMULFactorTable
                0x0800284c                aPredivFactorTable
 *(.rodata*)
 .rodata.str1.4
                0x0800285c       0x4e Application/User/can.o
 *fill*         0x080028aa        0x2 
 .rodata.str1.4
                0x080028ac       0x24 Application/User/freertos.o
 .rodata.str1.4
                0x080028d0       0x4f Application/User/main.o
 *fill*         0x0800291f        0x1 
 .rodata.str1.4
                0x08002920        0x8 Middlewares/FreeRTOS/tasks.o
                                  0x5 (size before relaxing)
                0x08002928                . = ALIGN (0x4)

.rel.dyn        0x08002928        0x0
 .rel.iplt      0x08002928        0x0 c:/ac6/systemworkbench/plugins/fr.ac6.mcu.externaltools.arm-none.win32_1.16.0.201807130628/tools/compiler/bin/../lib/gcc/arm-none-eabi/7.2.1/thumb/v7e-m/fpv4-sp/hard/crtbegin.o

.ARM.extab
 *(.ARM.extab* .gnu.linkonce.armextab.*)

.ARM            0x08002928        0x0
                0x08002928                __exidx_start = .
 *(.ARM.exidx*)
                0x08002928                __exidx_end = .

.preinit_array  0x08002928        0x0
                0x08002928                PROVIDE (__preinit_array_start, .)
 *(.preinit_array*)
                0x08002928                PROVIDE (__preinit_array_end, .)

.init_array     0x08002928        0x4
                0x08002928                PROVIDE (__init_array_start, .)
 *(SORT_BY_NAME(.init_array.*))
 *(.init_array*)
 .init_array    0x08002928        0x4 c:/ac6/systemworkbench/plugins/fr.ac6.mcu.externaltools.arm-none.win32_1.16.0.201807130628/tools/compiler/bin/../lib/gcc/arm-none-eabi/7.2.1/thumb/v7e-m/fpv4-sp/hard/crtbegin.o
                0x0800292c                PROVIDE (__init_array_end, .)

.fini_array     0x0800292c        0x4
                [!provide]                PROVIDE (__fini_array_start, .)
 *(SORT_BY_NAME(.fini_array.*))
 *(.fini_array*)
 .fini_array    0x0800292c        0x4 c:/ac6/systemworkbench/plugins/fr.ac6.mcu.externaltools.arm-none.win32_1.16.0.201807130628/tools/compiler/bin/../lib/gcc/arm-none-eabi/7.2.1/thumb/v7e-m/fpv4-sp/hard/crtbegin.o
                [!provide]                PROVIDE (__fini_array_end, .)
                0x08002930                _sidata = LOADADDR (.data)

.data           0x20000000       0x10 load address 0x08002930
                0x20000000                . = ALIGN (0x4)
                0x20000000                _sdata = .
 *(.data)
 .data          0x20000000        0x4 Drivers/CMSIS/system_stm32f3xx.o
                0x20000000                SystemCoreClock
 .data          0x20000004        0x8 Drivers/STM32F3xx_HAL_Driver/stm32f3xx_hal.o
                0x20000004                uwTickFreq
                0x20000008                uwTickPrio
 .data          0x2000000c        0x4 Middlewares/FreeRTOS/port.o
 *(.data*)
                0x20000010                . = ALIGN (0x4)
                0x20000010                _edata = .
                0x08002940                _siccmram = LOADADDR (.ccmram)

.igot.plt       0x20000010        0x0 load address 0x08002940
 .igot.plt      0x20000010        0x0 c:/ac6/systemworkbench/plugins/fr.ac6.mcu.externaltools.arm-none.win32_1.16.0.201807130628/tools/compiler/bin/../lib/gcc/arm-none-eabi/7.2.1/thumb/v7e-m/fpv4-sp/hard/crtbegin.o

.ccmram         0x10000000        0x0 load address 0x08002940
                0x10000000                . = ALIGN (0x4)
                0x10000000                _sccmram = .
 *(.ccmram)
 *(.ccmram*)
                0x10000000                . = ALIGN (0x4)
                0x10000000                _eccmram = .
                0x10000000                . = ALIGN (0x4)

.bss            0x20000010      0xe14
                0x20000010                _sbss = .
                0x20000010                __bss_start__ = _sbss
 *(.bss)
 .bss           0x20000010       0x1c c:/ac6/systemworkbench/plugins/fr.ac6.mcu.externaltools.arm-none.win32_1.16.0.201807130628/tools/compiler/bin/../lib/gcc/arm-none-eabi/7.2.1/thumb/v7e-m/fpv4-sp/hard/crtbegin.o
 .bss           0x2000002c        0x1 Application/User/freertos.o
                0x2000002c                nCM
 *fill*         0x2000002d        0x3 
 .bss           0x20000030      0xc18 Middlewares/FreeRTOS/heap_4.o
 .bss           0x20000c48        0x8 Middlewares/FreeRTOS/port.o
 .bss           0x20000c50      0x12c Middlewares/FreeRTOS/tasks.o
                0x20000d50                pxCurrentTCB
 *(.bss*)
 *(COMMON)
 COMMON         0x20000d7c       0x98 Application/User/can.o
                0x20000d7c                sFilterConfig
                0x20000da4                hcan
                0x20000dcc                TxData
                0x20000dd4                TxMailbox
                0x20000dd8                RxData
                0x20000de0                TxHeader
                0x20000df8                RxHeader
 COMMON         0x20000e14        0xc Application/User/freertos.o
                0x20000e14                defaultTaskHandle
                0x20000e18                TaskGetCanHandle
                0x20000e1c                TaskSendCanHandle
 COMMON         0x20000e20        0x4 Drivers/STM32F3xx_HAL_Driver/stm32f3xx_hal.o
                0x20000e20                uwTick
                0x20000e24                . = ALIGN (0x4)
                0x20000e24                _ebss = .
                0x20000e24                __bss_end__ = _ebss

._user_heap_stack
                0x20000e24      0x604
                0x20000e28                . = ALIGN (0x8)
 *fill*         0x20000e24        0x4 
                [!provide]                PROVIDE (end, .)
                [!provide]                PROVIDE (_end, .)
                0x20001028                . = (. + _Min_Heap_Size)
 *fill*         0x20000e28      0x200 
                0x20001428                . = (. + _Min_Stack_Size)
 *fill*         0x20001028      0x400 
                0x20001428                . = ALIGN (0x8)

/DISCARD/
 libc.a(*)
 libm.a(*)
 libgcc.a(*)

.ARM.attributes
                0x00000000       0x30
 *(.ARM.attributes)
 .ARM.attributes
                0x00000000       0x22 c:/ac6/systemworkbench/plugins/fr.ac6.mcu.externaltools.arm-none.win32_1.16.0.201807130628/tools/compiler/bin/../lib/gcc/arm-none-eabi/7.2.1/thumb/v7e-m/fpv4-sp/hard/crti.o
 .ARM.attributes
                0x00000022       0x34 c:/ac6/systemworkbench/plugins/fr.ac6.mcu.externaltools.arm-none.win32_1.16.0.201807130628/tools/compiler/bin/../lib/gcc/arm-none-eabi/7.2.1/thumb/v7e-m/fpv4-sp/hard/crtbegin.o
 .ARM.attributes
                0x00000056       0x21 Application/SW4STM32/startup_stm32f303x8.o
 .ARM.attributes
                0x00000077       0x39 Application/User/can.o
 .ARM.attributes
                0x000000b0       0x39 Application/User/freertos.o
 .ARM.attributes
                0x000000e9       0x39 Application/User/gpio.o
 .ARM.attributes
                0x00000122       0x39 Application/User/main.o
 .ARM.attributes
                0x0000015b       0x39 Application/User/stm32f3xx_hal_msp.o
 .ARM.attributes
                0x00000194       0x39 Application/User/stm32f3xx_it.o
 .ARM.attributes
                0x000001cd       0x39 Drivers/CMSIS/system_stm32f3xx.o
 .ARM.attributes
                0x00000206       0x39 Drivers/STM32F3xx_HAL_Driver/stm32f3xx_hal.o
 .ARM.attributes
                0x0000023f       0x39 Drivers/STM32F3xx_HAL_Driver/stm32f3xx_hal_can.o
 .ARM.attributes
                0x00000278       0x39 Drivers/STM32F3xx_HAL_Driver/stm32f3xx_hal_cortex.o
 .ARM.attributes
                0x000002b1       0x39 Drivers/STM32F3xx_HAL_Driver/stm32f3xx_hal_gpio.o
 .ARM.attributes
                0x000002ea       0x39 Drivers/STM32F3xx_HAL_Driver/stm32f3xx_hal_rcc.o
 .ARM.attributes
                0x00000323       0x39 Middlewares/FreeRTOS/cmsis_os.o
 .ARM.attributes
                0x0000035c       0x39 Middlewares/FreeRTOS/heap_4.o
 .ARM.attributes
                0x00000395       0x39 Middlewares/FreeRTOS/list.o
 .ARM.attributes
                0x000003ce       0x39 Middlewares/FreeRTOS/port.o
 .ARM.attributes
                0x00000407       0x39 Middlewares/FreeRTOS/tasks.o
 .ARM.attributes
                0x00000440       0x34 c:/ac6/systemworkbench/plugins/fr.ac6.mcu.externaltools.arm-none.win32_1.16.0.201807130628/tools/compiler/bin/../lib/gcc/arm-none-eabi/7.2.1/../../../../arm-none-eabi/lib/thumb/v7e-m/fpv4-sp/hard\libc_nano.a(lib_a-init.o)
 .ARM.attributes
                0x00000474       0x22 c:/ac6/systemworkbench/plugins/fr.ac6.mcu.externaltools.arm-none.win32_1.16.0.201807130628/tools/compiler/bin/../lib/gcc/arm-none-eabi/7.2.1/thumb/v7e-m/fpv4-sp/hard/crtn.o
OUTPUT(F3_Blink_Test2.elf elf32-littlearm)

.debug_line     0x00000000     0xa4f7
 .debug_line    0x00000000       0xc1 Application/SW4STM32/startup_stm32f303x8.o
 .debug_line    0x000000c1      0x8c0 Application/User/can.o
 .debug_line    0x00000981      0xa77 Application/User/freertos.o
 .debug_line    0x000013f8      0x7f9 Application/User/gpio.o
 .debug_line    0x00001bf1      0xa5c Application/User/main.o
 .debug_line    0x0000264d      0x7e4 Application/User/stm32f3xx_hal_msp.o
 .debug_line    0x00002e31      0xaae Application/User/stm32f3xx_it.o
 .debug_line    0x000038df      0x80f Drivers/CMSIS/system_stm32f3xx.o
 .debug_line    0x000040ee      0x9bc Drivers/STM32F3xx_HAL_Driver/stm32f3xx_hal.o
 .debug_line    0x00004aaa      0xcc5 Drivers/STM32F3xx_HAL_Driver/stm32f3xx_hal_can.o
 .debug_line    0x0000576f      0x9b5 Drivers/STM32F3xx_HAL_Driver/stm32f3xx_hal_cortex.o
 .debug_line    0x00006124      0x940 Drivers/STM32F3xx_HAL_Driver/stm32f3xx_hal_gpio.o
 .debug_line    0x00006a64      0xcd2 Drivers/STM32F3xx_HAL_Driver/stm32f3xx_hal_rcc.o
 .debug_line    0x00007736      0xc7a Middlewares/FreeRTOS/cmsis_os.o
 .debug_line    0x000083b0      0x6ad Middlewares/FreeRTOS/heap_4.o
 .debug_line    0x00008a5d      0x5f9 Middlewares/FreeRTOS/list.o
 .debug_line    0x00009056      0x60c Middlewares/FreeRTOS/port.o
 .debug_line    0x00009662      0xe95 Middlewares/FreeRTOS/tasks.o

.debug_info     0x00000000    0x141f3
 .debug_info    0x00000000       0x22 Application/SW4STM32/startup_stm32f303x8.o
 .debug_info    0x00000022     0x182f Application/User/can.o
 .debug_info    0x00001851     0x1007 Application/User/freertos.o
 .debug_info    0x00002858      0xd0a Application/User/gpio.o
 .debug_info    0x00003562     0x11b4 Application/User/main.o
 .debug_info    0x00004716      0xce1 Application/User/stm32f3xx_hal_msp.o
 .debug_info    0x000053f7      0xe26 Application/User/stm32f3xx_it.o
 .debug_info    0x0000621d      0xc82 Drivers/CMSIS/system_stm32f3xx.o
 .debug_info    0x00006e9f     0x1016 Drivers/STM32F3xx_HAL_Driver/stm32f3xx_hal.o
 .debug_info    0x00007eb5     0x1954 Drivers/STM32F3xx_HAL_Driver/stm32f3xx_hal_can.o
 .debug_info    0x00009809     0x14cf Drivers/STM32F3xx_HAL_Driver/stm32f3xx_hal_cortex.o
 .debug_info    0x0000acd8      0xff8 Drivers/STM32F3xx_HAL_Driver/stm32f3xx_hal_gpio.o
 .debug_info    0x0000bcd0     0x1c80 Drivers/STM32F3xx_HAL_Driver/stm32f3xx_hal_rcc.o
 .debug_info    0x0000d950     0x231e Middlewares/FreeRTOS/cmsis_os.o
 .debug_info    0x0000fc6e      0xc71 Middlewares/FreeRTOS/heap_4.o
 .debug_info    0x000108df      0xacd Middlewares/FreeRTOS/list.o
 .debug_info    0x000113ac      0x532 Middlewares/FreeRTOS/port.o
 .debug_info    0x000118de     0x2915 Middlewares/FreeRTOS/tasks.o

.debug_abbrev   0x00000000     0x2fa5
 .debug_abbrev  0x00000000       0x12 Application/SW4STM32/startup_stm32f303x8.o
 .debug_abbrev  0x00000012      0x2c0 Application/User/can.o
 .debug_abbrev  0x000002d2      0x2db Application/User/freertos.o
 .debug_abbrev  0x000005ad      0x22b Application/User/gpio.o
 .debug_abbrev  0x000007d8      0x2a4 Application/User/main.o
 .debug_abbrev  0x00000a7c      0x234 Application/User/stm32f3xx_hal_msp.o
 .debug_abbrev  0x00000cb0      0x21d Application/User/stm32f3xx_it.o
 .debug_abbrev  0x00000ecd      0x21f Drivers/CMSIS/system_stm32f3xx.o
 .debug_abbrev  0x000010ec      0x2e1 Drivers/STM32F3xx_HAL_Driver/stm32f3xx_hal.o
 .debug_abbrev  0x000013cd      0x32e Drivers/STM32F3xx_HAL_Driver/stm32f3xx_hal_can.o
 .debug_abbrev  0x000016fb      0x3b1 Drivers/STM32F3xx_HAL_Driver/stm32f3xx_hal_cortex.o
 .debug_abbrev  0x00001aac      0x2a7 Drivers/STM32F3xx_HAL_Driver/stm32f3xx_hal_gpio.o
 .debug_abbrev  0x00001d53      0x365 Drivers/STM32F3xx_HAL_Driver/stm32f3xx_hal_rcc.o
 .debug_abbrev  0x000020b8      0x3d4 Middlewares/FreeRTOS/cmsis_os.o
 .debug_abbrev  0x0000248c      0x318 Middlewares/FreeRTOS/heap_4.o
 .debug_abbrev  0x000027a4      0x21c Middlewares/FreeRTOS/list.o
 .debug_abbrev  0x000029c0      0x216 Middlewares/FreeRTOS/port.o
 .debug_abbrev  0x00002bd6      0x3cf Middlewares/FreeRTOS/tasks.o

.debug_aranges  0x00000000      0x9b8
 .debug_aranges
                0x00000000       0x28 Application/SW4STM32/startup_stm32f303x8.o
 .debug_aranges
                0x00000028       0x58 Application/User/can.o
 .debug_aranges
                0x00000080       0x40 Application/User/freertos.o
 .debug_aranges
                0x000000c0       0x20 Application/User/gpio.o
 .debug_aranges
                0x000000e0       0x30 Application/User/main.o
 .debug_aranges
                0x00000110       0x20 Application/User/stm32f3xx_hal_msp.o
 .debug_aranges
                0x00000130       0x60 Application/User/stm32f3xx_it.o
 .debug_aranges
                0x00000190       0x28 Drivers/CMSIS/system_stm32f3xx.o
 .debug_aranges
                0x000001b8       0xe0 Drivers/STM32F3xx_HAL_Driver/stm32f3xx_hal.o
 .debug_aranges
                0x00000298      0x138 Drivers/STM32F3xx_HAL_Driver/stm32f3xx_hal_can.o
 .debug_aranges
                0x000003d0       0x90 Drivers/STM32F3xx_HAL_Driver/stm32f3xx_hal_cortex.o
 .debug_aranges
                0x00000460       0x58 Drivers/STM32F3xx_HAL_Driver/stm32f3xx_hal_gpio.o
 .debug_aranges
                0x000004b8       0x88 Drivers/STM32F3xx_HAL_Driver/stm32f3xx_hal_rcc.o
 .debug_aranges
                0x00000540      0x1d8 Middlewares/FreeRTOS/cmsis_os.o
 .debug_aranges
                0x00000718       0x50 Middlewares/FreeRTOS/heap_4.o
 .debug_aranges
                0x00000768       0x40 Middlewares/FreeRTOS/list.o
 .debug_aranges
                0x000007a8       0x80 Middlewares/FreeRTOS/port.o
 .debug_aranges
                0x00000828      0x190 Middlewares/FreeRTOS/tasks.o

.debug_str      0x00000000    0x84bd0
 .debug_str     0x00000000       0xd4 Application/SW4STM32/startup_stm32f303x8.o
 .debug_str     0x000000d4    0x7ba61 Application/User/can.o
                              0x7be0b (size before relaxing)
 .debug_str     0x0007bb35     0x5402 Application/User/freertos.o
                              0x80af9 (size before relaxing)
 .debug_str     0x00080f37       0x78 Application/User/gpio.o
                              0x7b57a (size before relaxing)
 .debug_str     0x00080faf      0x218 Application/User/main.o
                              0x80e29 (size before relaxing)
 .debug_str     0x000811c7       0x85 Application/User/stm32f3xx_hal_msp.o
                              0x7b7d5 (size before relaxing)
 .debug_str     0x0008124c      0x10e Application/User/stm32f3xx_it.o
                              0x809e4 (size before relaxing)
 .debug_str     0x0008135a      0x103 Drivers/CMSIS/system_stm32f3xx.o
                              0x7b55d (size before relaxing)
 .debug_str     0x0008145d      0x3f8 Drivers/STM32F3xx_HAL_Driver/stm32f3xx_hal.o
                              0x7bbd4 (size before relaxing)
 .debug_str     0x00081855      0x3e3 Drivers/STM32F3xx_HAL_Driver/stm32f3xx_hal_can.o
                              0x7bd01 (size before relaxing)
 .debug_str     0x00081c38      0x250 Drivers/STM32F3xx_HAL_Driver/stm32f3xx_hal_cortex.o
                              0x7bb67 (size before relaxing)
 .debug_str     0x00081e88      0x27b Drivers/STM32F3xx_HAL_Driver/stm32f3xx_hal_gpio.o
                              0x7b82c (size before relaxing)
 .debug_str     0x00082103      0x2ee Drivers/STM32F3xx_HAL_Driver/stm32f3xx_hal_rcc.o
                              0x7b9c4 (size before relaxing)
 .debug_str     0x000823f1      0xa31 Middlewares/FreeRTOS/cmsis_os.o
                               0xcb64 (size before relaxing)
 .debug_str     0x00082e22      0x3d6 Middlewares/FreeRTOS/heap_4.o
                               0xa534 (size before relaxing)
 .debug_str     0x000831f8      0x17e Middlewares/FreeRTOS/list.o
                               0x9df4 (size before relaxing)
 .debug_str     0x00083376      0x851 Middlewares/FreeRTOS/port.o
                               0x7d98 (size before relaxing)
 .debug_str     0x00083bc7     0x1009 Middlewares/FreeRTOS/tasks.o
                               0xbe87 (size before relaxing)

.debug_ranges   0x00000000      0x990
 .debug_ranges  0x00000000       0x20 Application/SW4STM32/startup_stm32f303x8.o
 .debug_ranges  0x00000020       0x48 Application/User/can.o
 .debug_ranges  0x00000068       0x30 Application/User/freertos.o
 .debug_ranges  0x00000098       0x10 Application/User/gpio.o
 .debug_ranges  0x000000a8       0x20 Application/User/main.o
 .debug_ranges  0x000000c8       0x10 Application/User/stm32f3xx_hal_msp.o
 .debug_ranges  0x000000d8       0x50 Application/User/stm32f3xx_it.o
 .debug_ranges  0x00000128       0x18 Drivers/CMSIS/system_stm32f3xx.o
 .debug_ranges  0x00000140       0xd0 Drivers/STM32F3xx_HAL_Driver/stm32f3xx_hal.o
 .debug_ranges  0x00000210      0x128 Drivers/STM32F3xx_HAL_Driver/stm32f3xx_hal_can.o
 .debug_ranges  0x00000338       0xe0 Drivers/STM32F3xx_HAL_Driver/stm32f3xx_hal_cortex.o
 .debug_ranges  0x00000418       0x48 Drivers/STM32F3xx_HAL_Driver/stm32f3xx_hal_gpio.o
 .debug_ranges  0x00000460       0x98 Drivers/STM32F3xx_HAL_Driver/stm32f3xx_hal_rcc.o
 .debug_ranges  0x000004f8      0x1c8 Middlewares/FreeRTOS/cmsis_os.o
 .debug_ranges  0x000006c0       0x40 Middlewares/FreeRTOS/heap_4.o
 .debug_ranges  0x00000700       0x30 Middlewares/FreeRTOS/list.o
 .debug_ranges  0x00000730       0x70 Middlewares/FreeRTOS/port.o
 .debug_ranges  0x000007a0      0x1f0 Middlewares/FreeRTOS/tasks.o

.debug_loc      0x00000000     0x4607
 .debug_loc     0x00000000       0x7c Application/User/can.o
 .debug_loc     0x0000007c       0x42 Application/User/freertos.o
 .debug_loc     0x000000be       0xff Drivers/CMSIS/system_stm32f3xx.o
 .debug_loc     0x000001bd       0xfd Drivers/STM32F3xx_HAL_Driver/stm32f3xx_hal.o
 .debug_loc     0x000002ba      0xc41 Drivers/STM32F3xx_HAL_Driver/stm32f3xx_hal_can.o
 .debug_loc     0x00000efb      0x5ad Drivers/STM32F3xx_HAL_Driver/stm32f3xx_hal_cortex.o
 .debug_loc     0x000014a8      0x361 Drivers/STM32F3xx_HAL_Driver/stm32f3xx_hal_gpio.o
 .debug_loc     0x00001809      0x951 Drivers/STM32F3xx_HAL_Driver/stm32f3xx_hal_rcc.o
 .debug_loc     0x0000215a      0xee1 Middlewares/FreeRTOS/cmsis_os.o
 .debug_loc     0x0000303b      0x291 Middlewares/FreeRTOS/heap_4.o
 .debug_loc     0x000032cc       0x70 Middlewares/FreeRTOS/list.o
 .debug_loc     0x0000333c       0xdc Middlewares/FreeRTOS/port.o
 .debug_loc     0x00003418     0x11ef Middlewares/FreeRTOS/tasks.o

.debug_macro    0x00000000    0x194c6
 .debug_macro   0x00000000      0x32f Application/User/can.o
 .debug_macro   0x0000032f      0xa60 Application/User/can.o
 .debug_macro   0x00000d8f       0xe8 Application/User/can.o
 .debug_macro   0x00000e77       0x9f Application/User/can.o
 .debug_macro   0x00000f16       0x2f Application/User/can.o
 .debug_macro   0x00000f45       0x28 Application/User/can.o
 .debug_macro   0x00000f6d       0x22 Application/User/can.o
 .debug_macro   0x00000f8f       0x87 Application/User/can.o
 .debug_macro   0x00001016       0x51 Application/User/can.o
 .debug_macro   0x00001067       0xef Application/User/can.o
 .debug_macro   0x00001156       0x6a Application/User/can.o
 .debug_macro   0x000011c0      0x1df Application/User/can.o
 .debug_macro   0x0000139f       0x35 Application/User/can.o
 .debug_macro   0x000013d4       0x50 Application/User/can.o
 .debug_macro   0x00001424      0xd40 Application/User/can.o
 .debug_macro   0x00002164    0x10bf5 Application/User/can.o
 .debug_macro   0x00012d59       0x43 Application/User/can.o
 .debug_macro   0x00012d9c       0x58 Application/User/can.o
 .debug_macro   0x00012df4       0x17 Application/User/can.o
 .debug_macro   0x00012e0b       0x35 Application/User/can.o
 .debug_macro   0x00012e40       0x9c Application/User/can.o
 .debug_macro   0x00012edc       0x16 Application/User/can.o
 .debug_macro   0x00012ef2       0x97 Application/User/can.o
 .debug_macro   0x00012f89      0x330 Application/User/can.o
 .debug_macro   0x000132b9       0xfd Application/User/can.o
 .debug_macro   0x000133b6       0x10 Application/User/can.o
 .debug_macro   0x000133c6       0x58 Application/User/can.o
 .debug_macro   0x0001341e       0x1f Application/User/can.o
 .debug_macro   0x0001343d       0x43 Application/User/can.o
 .debug_macro   0x00013480       0x20 Application/User/can.o
 .debug_macro   0x000134a0      0x18e Application/User/can.o
 .debug_macro   0x0001362e       0x10 Application/User/can.o
 .debug_macro   0x0001363e       0x1c Application/User/can.o
 .debug_macro   0x0001365a       0x52 Application/User/can.o
 .debug_macro   0x000136ac       0x40 Application/User/can.o
 .debug_macro   0x000136ec       0x10 Application/User/can.o
 .debug_macro   0x000136fc       0x40 Application/User/can.o
 .debug_macro   0x0001373c       0xd7 Application/User/can.o
 .debug_macro   0x00013813       0x1c Application/User/can.o
 .debug_macro   0x0001382f       0x3d Application/User/can.o
 .debug_macro   0x0001386c       0x16 Application/User/can.o
 .debug_macro   0x00013882      0x16f Application/User/can.o
 .debug_macro   0x000139f1       0x49 Application/User/can.o
 .debug_macro   0x00013a3a      0x8ff Application/User/can.o
 .debug_macro   0x00014339      0x304 Application/User/can.o
 .debug_macro   0x0001463d      0x13a Application/User/can.o
 .debug_macro   0x00014777      0x11b Application/User/can.o
 .debug_macro   0x00014892      0x1bc Application/User/can.o
 .debug_macro   0x00014a4e       0x34 Application/User/can.o
 .debug_macro   0x00014a82       0x3c Application/User/can.o
 .debug_macro   0x00014abe       0x57 Application/User/can.o
 .debug_macro   0x00014b15      0x40f Application/User/can.o
 .debug_macro   0x00014f24       0xcb Application/User/can.o
 .debug_macro   0x00014fef      0x1a0 Application/User/can.o
 .debug_macro   0x0001518f      0x209 Application/User/can.o
 .debug_macro   0x00015398       0x5b Application/User/can.o
 .debug_macro   0x000153f3       0x90 Application/User/can.o
 .debug_macro   0x00015483       0x82 Application/User/can.o
 .debug_macro   0x00015505       0xd3 Application/User/can.o
 .debug_macro   0x000155d8      0x28c Application/User/can.o
 .debug_macro   0x00015864      0x3bf Application/User/freertos.o
 .debug_macro   0x00015c23      0x174 Application/User/freertos.o
 .debug_macro   0x00015d97       0xd8 Application/User/freertos.o
 .debug_macro   0x00015e6f      0x168 Application/User/freertos.o
 .debug_macro   0x00015fd7       0xe4 Application/User/freertos.o
 .debug_macro   0x000160bb       0x10 Application/User/freertos.o
 .debug_macro   0x000160cb       0x1f Application/User/freertos.o
 .debug_macro   0x000160ea      0x40f Application/User/freertos.o
 .debug_macro   0x000164f9       0xc0 Application/User/freertos.o
 .debug_macro   0x000165b9       0x8c Application/User/freertos.o
 .debug_macro   0x00016645       0x91 Application/User/freertos.o
 .debug_macro   0x000166d6       0x94 Application/User/freertos.o
 .debug_macro   0x0001676a       0x63 Application/User/freertos.o
 .debug_macro   0x000167cd       0x19 Application/User/freertos.o
 .debug_macro   0x000167e6       0xcf Application/User/freertos.o
 .debug_macro   0x000168b5       0x3b Application/User/freertos.o
 .debug_macro   0x000168f0       0x35 Application/User/freertos.o
 .debug_macro   0x00016925      0x30d Application/User/gpio.o
 .debug_macro   0x00016c32      0x3cf Application/User/main.o
 .debug_macro   0x00017001       0xd8 Application/User/main.o
 .debug_macro   0x000170d9      0x303 Application/User/stm32f3xx_hal_msp.o
 .debug_macro   0x000173dc      0x3c1 Application/User/stm32f3xx_it.o
 .debug_macro   0x0001779d      0x309 Drivers/CMSIS/system_stm32f3xx.o
 .debug_macro   0x00017aa6      0x327 Drivers/STM32F3xx_HAL_Driver/stm32f3xx_hal.o
 .debug_macro   0x00017dcd      0x30b Drivers/STM32F3xx_HAL_Driver/stm32f3xx_hal_can.o
 .debug_macro   0x000180d8      0x303 Drivers/STM32F3xx_HAL_Driver/stm32f3xx_hal_cortex.o
 .debug_macro   0x000183db      0x33b Drivers/STM32F3xx_HAL_Driver/stm32f3xx_hal_gpio.o
 .debug_macro   0x00018716      0x327 Drivers/STM32F3xx_HAL_Driver/stm32f3xx_hal_rcc.o
 .debug_macro   0x00018a3d      0x1ed Middlewares/FreeRTOS/cmsis_os.o
 .debug_macro   0x00018c2a       0x52 Middlewares/FreeRTOS/cmsis_os.o
 .debug_macro   0x00018c7c       0x8d Middlewares/FreeRTOS/cmsis_os.o
 .debug_macro   0x00018d09       0x57 Middlewares/FreeRTOS/cmsis_os.o
 .debug_macro   0x00018d60       0x10 Middlewares/FreeRTOS/cmsis_os.o
 .debug_macro   0x00018d70       0x26 Middlewares/FreeRTOS/cmsis_os.o
 .debug_macro   0x00018d96      0x1a2 Middlewares/FreeRTOS/heap_4.o
 .debug_macro   0x00018f38      0x17b Middlewares/FreeRTOS/list.o
 .debug_macro   0x000190b3      0x19e Middlewares/FreeRTOS/port.o
 .debug_macro   0x00019251      0x264 Middlewares/FreeRTOS/tasks.o
 .debug_macro   0x000194b5       0x11 Middlewares/FreeRTOS/tasks.o

.comment        0x00000000       0x7e
 .comment       0x00000000       0x7e Application/User/can.o
                                 0x7f (size before relaxing)
 .comment       0x0000007e       0x7f Application/User/freertos.o
 .comment       0x0000007e       0x7f Application/User/gpio.o
 .comment       0x0000007e       0x7f Application/User/main.o
 .comment       0x0000007e       0x7f Application/User/stm32f3xx_hal_msp.o
 .comment       0x0000007e       0x7f Application/User/stm32f3xx_it.o
 .comment       0x0000007e       0x7f Drivers/CMSIS/system_stm32f3xx.o
 .comment       0x0000007e       0x7f Drivers/STM32F3xx_HAL_Driver/stm32f3xx_hal.o
 .comment       0x0000007e       0x7f Drivers/STM32F3xx_HAL_Driver/stm32f3xx_hal_can.o
 .comment       0x0000007e       0x7f Drivers/STM32F3xx_HAL_Driver/stm32f3xx_hal_cortex.o
 .comment       0x0000007e       0x7f Drivers/STM32F3xx_HAL_Driver/stm32f3xx_hal_gpio.o
 .comment       0x0000007e       0x7f Drivers/STM32F3xx_HAL_Driver/stm32f3xx_hal_rcc.o
 .comment       0x0000007e       0x7f Middlewares/FreeRTOS/cmsis_os.o
 .comment       0x0000007e       0x7f Middlewares/FreeRTOS/heap_4.o
 .comment       0x0000007e       0x7f Middlewares/FreeRTOS/list.o
 .comment       0x0000007e       0x7f Middlewares/FreeRTOS/port.o
 .comment       0x0000007e       0x7f Middlewares/FreeRTOS/tasks.o

.debug_frame    0x00000000     0x17d8
 .debug_frame   0x00000000       0xd0 Application/User/can.o
 .debug_frame   0x000000d0       0x84 Application/User/freertos.o
 .debug_frame   0x00000154       0x34 Application/User/gpio.o
 .debug_frame   0x00000188       0x58 Application/User/main.o
 .debug_frame   0x000001e0       0x2c Application/User/stm32f3xx_hal_msp.o
 .debug_frame   0x0000020c       0xb8 Application/User/stm32f3xx_it.o
 .debug_frame   0x000002c4       0x30 Drivers/CMSIS/system_stm32f3xx.o
 .debug_frame   0x000002f4      0x1cc Drivers/STM32F3xx_HAL_Driver/stm32f3xx_hal.o
 .debug_frame   0x000004c0      0x2e4 Drivers/STM32F3xx_HAL_Driver/stm32f3xx_hal_can.o
 .debug_frame   0x000007a4      0x12c Drivers/STM32F3xx_HAL_Driver/stm32f3xx_hal_cortex.o
 .debug_frame   0x000008d0       0xec Drivers/STM32F3xx_HAL_Driver/stm32f3xx_hal_gpio.o
 .debug_frame   0x000009bc      0x17c Drivers/STM32F3xx_HAL_Driver/stm32f3xx_hal_rcc.o
 .debug_frame   0x00000b38      0x584 Middlewares/FreeRTOS/cmsis_os.o
 .debug_frame   0x000010bc       0xac Middlewares/FreeRTOS/heap_4.o
 .debug_frame   0x00001168       0x6c Middlewares/FreeRTOS/list.o
 .debug_frame   0x000011d4       0xf0 Middlewares/FreeRTOS/port.o
 .debug_frame   0x000012c4      0x4e8 Middlewares/FreeRTOS/tasks.o
 .debug_frame   0x000017ac       0x2c c:/ac6/systemworkbench/plugins/fr.ac6.mcu.externaltools.arm-none.win32_1.16.0.201807130628/tools/compiler/bin/../lib/gcc/arm-none-eabi/7.2.1/../../../../arm-none-eabi/lib/thumb/v7e-m/fpv4-sp/hard\libc_nano.a(lib_a-init.o)
